Hmm ... looks like a package
Converting parsed Rd's to LaTeX ...
Creating pdf output from LaTeX ...
Error in texi2dvi(file = file, pdf = TRUE, clean = clean, quiet = quiet,  : 
  Running 'texi2dvi' on 'Rd2.tex' failed.
Messages:
/opt/R/arm64/bin/texi2dvi: makeindex failed
Output:
This is pdfTeX, Version 3.141592653-2.6-1.40.29 (TeX Live 2026) (preloaded format=pdflatex)
 restricted \write18 enabled.
entering extended mode
LaTeX2e <2025-11-01>
L3 programming layer <2026-04-28>
(./Rd2.tex
(/Users/tijnjacobs/Library/TinyTeX/texmf-dist/tex/latex/base/book.cls
Document Class: book 2025/01/22 v1.4n Standard LaTeX document class
(/Users/tijnjacobs/Library/TinyTeX/texmf-dist/tex/latex/base/bk10.clo)) (/Library/Frameworks/R.framework/Resources/share/texmf/tex/latex/Rd.sty (/Users/tijnjacobs/Library/TinyTeX/texmf-dist/tex/latex/base/ifthen.sty) (/Users/tijnjacobs/Library/TinyTeX/texmf-dist/tex/generic/iftex/iftex.sty) (/Users/tijnjacobs/Library/TinyTeX/texmf-dist/tex/latex/tools/longtable.sty) (/Users/tijnjacobs/Library/TinyTeX/texmf-dist/tex/latex/tools/bm.sty) (/Users/tijnjacobs/Library/TinyTeX/texmf-dist/tex/latex/base/alltt.sty) (/Users/tijnjacobs/Library/TinyTeX/texmf-dist/tex/latex/tools/verbatim.sty) (/Users/tijnjacobs/Library/TinyTeX/texmf-dist/tex/latex/url/url.sty) (/Users/tijnjacobs/Library/TinyTeX/texmf-dist/tex/latex/base/textcomp.sty) (/Users/tijnjacobs/Library/TinyTeX/texmf-dist/tex/latex/amsmath/amsmath.sty
For additional information on amsmath, use the `?' option.
(/Users/tijnjacobs/Library/TinyTeX/texmf-dist/tex/latex/amsmath/amstext.sty (/Users/tijnjacobs/Library/TinyTeX/texmf-dist/tex/latex/amsmath/amsgen.sty)) (/Users/tijnjacobs/Library/TinyTeX/texmf-dist/tex/latex/amsmath/amsbsy.sty) (/Users/tijnjacobs/Library/TinyTeX/texmf-dist/tex/latex/amsmath/amsopn.sty)) (/Users/tijnjacobs/Library/TinyTeX/texmf-dist/tex/latex/amsfonts/amsfonts.sty) (/Users/tijnjacobs/Library/TinyTeX/texmf-dist/tex/latex/amsfonts/amssymb.sty) (/Users/tijnjacobs/Library/TinyTeX/texmf-dist/tex/latex/amsfonts/eucal.sty) (/Users/tijnjacobs/Library/TinyTeX/texmf-dist/tex/latex/base/fontenc.sty) (/Users/tijnjacobs/Library/TinyTeX/texmf-dist/tex/latex/psnfss/times.sty) (/Users/tijnjacobs/Library/TinyTeX/texmf-dist/tex/latex/inconsolata/zi4.sty `inconsolata-zi4' v1.12, 2019/05/17 Text macros for Inconsolata (msharpe) (/Users/tijnjacobs/Library/TinyTeX/texmf-dist/tex/latex/xkeyval/xkeyval.sty (/Users/tijnjacobs/Library/TinyTeX/texmf-dist/tex/generic/xkeyval/xkeyval.tex (/Users/tijnjacobs/Library/TinyTeX/texmf-dist/tex/generic/xkeyval/xkvutils.tex (/Users/tijnjacobs/Library/TinyTeX/texmf-dist/tex/generic/xkeyval/keyval.tex))))) (/Users/tijnjacobs/Library/TinyTeX/texmf-dist/tex/latex/graphics/color.sty (/Users/tijnjacobs/Library/TinyTeX/texmf-dist/tex/latex/graphics-cfg/color.cfg) (/Users/tijnjacobs/Library/TinyTeX/texmf-dist/tex/latex/graphics-def/pdftex.def) (/Users/tijnjacobs/Library/TinyTeX/texmf-dist/tex/latex/graphics/mathcolor.ltx)) (/Users/tijnjacobs/Library/TinyTeX/texmf-dist/tex/latex/hyperref/hyperref.sty (/Users/tijnjacobs/Library/TinyTeX/texmf-dist/tex/latex/kvsetkeys/kvsetkeys.sty) (/Users/tijnjacobs/Library/TinyTeX/texmf-dist/tex/generic/kvdefinekeys/kvdefinekeys.sty) (/Users/tijnjacobs/Library/TinyTeX/texmf-dist/tex/generic/pdfescape/pdfescape.sty (/Users/tijnjacobs/Library/TinyTeX/texmf-dist/tex/generic/ltxcmds/ltxcmds.sty) (/Users/tijnjacobs/Library/TinyTeX/texmf-dist/tex/generic/pdftexcmds/pdftexcmds.sty (/Users/tijnjacobs/Library/TinyTeX/texmf-dist/tex/generic/infwarerr/infwarerr.sty))) (/Users/tijnjacobs/Library/TinyTeX/texmf-dist/tex/latex/hycolor/hycolor.sty) (/Users/tijnjacobs/Library/TinyTeX/texmf-dist/tex/latex/hyperref/nameref.sty (/Users/tijnjacobs/Library/TinyTeX/texmf-dist/tex/latex/refcount/refcount.sty) (/Users/tijnjacobs/Library/TinyTeX/texmf-dist/tex/generic/gettitlestring/gettitlestring.sty (/Users/tijnjacobs/Library/TinyTeX/texmf-dist/tex/latex/kvoptions/kvoptions.sty))) (/Users/tijnjacobs/Library/TinyTeX/texmf-dist/tex/latex/etoolbox/etoolbox.sty) (/Users/tijnjacobs/Library/TinyTeX/texmf-dist/tex/generic/stringenc/stringenc.sty) (/Users/tijnjacobs/Library/TinyTeX/texmf-dist/tex/latex/hyperref/pd1enc.def) (/Users/tijnjacobs/Library/TinyTeX/texmf-dist/tex/generic/intcalc/intcalc.sty) (/Users/tijnjacobs/Library/TinyTeX/texmf-dist/tex/latex/hyperref/puenc.def) (/Users/tijnjacobs/Library/TinyTeX/texmf-dist/tex/generic/bitset/bitset.sty (/Users/tijnjacobs/Library/TinyTeX/texmf-dist/tex/generic/bigintcalc/bigintcalc.sty))) (/Users/tijnjacobs/Library/TinyTeX/texmf-dist/tex/latex/hyperref/hpdftex.def (/Users/tijnjacobs/Library/TinyTeX/texmf-dist/tex/latex/rerunfilecheck/rerunfilecheck.sty (/Users/tijnjacobs/Library/TinyTeX/texmf-dist/tex/generic/uniquecounter/uniquecounter.sty)))) (/Users/tijnjacobs/Library/TinyTeX/texmf-dist/tex/latex/base/makeidx.sty)
Writing index file Rd2.idx
(/Users/tijnjacobs/Library/TinyTeX/texmf-dist/tex/latex/psnfss/t1ptm.fd) (/Users/tijnjacobs/Library/TinyTeX/texmf-dist/tex/latex/l3backend/l3backend-pdftex.def) (/private/var/folders/l0/w4ml3bkn5m74hqz7y1_k0gz40000gp/T/RtmpRIpVvn/Rd2pdf12f917ac2ed3/Rd2.aux) (/private/var/folders/l0/w4ml3bkn5m74hqz7y1_k0gz40000gp/T/RtmpRIpVvn/Rd2pdf12f917ac2ed3/Rd2.out) (/private/var/folders/l0/w4ml3bkn5m74hqz7y1_k0gz40000gp/T/RtmpRIpVvn/Rd2pdf12f917ac2ed3/Rd2.out) (/Users/tijnjacobs/Library/TinyTeX/texmf-dist/tex/latex/inconsolata/t1zi4.fd) (/Users/tijnjacobs/Library/TinyTeX/texmf-dist/tex/latex/amsfonts/umsa.fd) (/Users/tijnjacobs/Library/TinyTeX/texmf-dist/tex/latex/amsfonts/umsb.fd) (/private/var/folders/l0/w4ml3bkn5m74hqz7y1_k0gz40000gp/T/RtmpRIpVvn/Rd2pdf12f917ac2ed3/Rd2.toc [1{/Users/tijnjacobs/Library/TinyTeX/texmf-var/fonts/map/pdftex/updmap/pdftex.map}{/Users/tijnjacobs/Library/TinyTeX/texmf-dist/fonts/enc/dvips/base/8r.enc}{/Users/tijnjacobs/Library/TinyTeX/texmf-dist/fonts/enc/dvips/inconsolata/i4-t1-0.enc}]) (/Users/tijnjacobs/Library/TinyTeX/texmf-dist/tex/latex/psnfss/ts1ptm.fd) [2] (/Users/tijnjacobs/Library/TinyTeX/texmf-dist/tex/latex/inconsolata/ts1zi4.fd) [3{/Users/tijnjacobs/Library/TinyTeX/texmf-dist/fonts/enc/dvips/inconsolata/i4-ts1.enc}]
Overfull \hbox (70.89003pt too wide) in paragraph at lines 149--154
[]\T1/ptm/m/n/10 Either a fit-ted []\T1/zi4/m/n/10 CausalShrinkageForest []\T1/ptm/m/n/10 (from [][][]\T1/zi4/m/n/10 CausalShrinkageForest[][][] []\T1/ptm/m/n/10 or [][][]\T1/zi4/m/n/10 CausalHorseForest[][][]

Overfull \hbox (18.52998pt too wide) in paragraph at lines 149--154
[]\T1/ptm/m/n/10 with []\T1/zi4/m/n/10 store_posterior_sample = TRUE[]\T1/ptm/m/n/10 ) or a []\T1/zi4/m/n/10 CausalShrinkageForestPrediction

Overfull \hbox (31.80489pt too wide) in paragraph at lines 161--165
[]\T1/ptm/m/n/10 At each MCMC it-er-a-tion $\OML/cmm/m/it/10 s$ \T1/ptm/m/n/10 the con-di-tional treat-ment ef-fects $\OML/cmm/m/it/10 ^^\[]\OT1/cmr/m/n/10 (\OML/cmm/m/it/10 x[]\OT1/cmr/m/n/10 )$ \T1/ptm/m/n/10 are reweighted with $\OT1/cmr/m/n/10 (\OML/cmm/m/it/10 w[]; [] ; w[]\OT1/cmr/m/n/10 ) \OMS/cmsy/m/n/10 ^^X

Overfull \hbox (33.82092pt too wide) in paragraph at lines 192--195
[][][]\T1/zi4/m/n/10 summary.CausalShrinkageForest[][][][]\T1/ptm/m/n/10 , [][][]\T1/zi4/m/n/10 plot.CausalShrinkageForest[][][][]\T1/ptm/m/n/10 , [][][]\T1/zi4/m/n/10 predict.CausalShrinkageForest[][][] 
[4] [5]
Overfull \hbox (1.67998pt too wide) in paragraph at lines 276--280
\T1/zi4/m/n/10 "interval-censored"[]\T1/ptm/m/n/10 , as val-ues are de-rived from []\T1/zi4/m/n/10 left_time []\T1/ptm/m/n/10 and []\T1/zi4/m/n/10 right_time[]\T1/ptm/m/n/10 . 

Overfull \hbox (27.97824pt too wide) in paragraph at lines 304--309
[]\T1/ptm/m/n/10 Optional nu-meric vec-tor of left (lower) time bound-aries. Re-quired when []\T1/zi4/m/n/10 outcome_type

Overfull \hbox (33.78844pt too wide) in paragraph at lines 310--313
[]\T1/ptm/m/n/10 Optional nu-meric vec-tor of right (up-per) time bound-aries. Re-quired when []\T1/zi4/m/n/10 outcome_type

Overfull \hbox (37.29037pt too wide) in paragraph at lines 314--317
[]\T1/ptm/m/n/10 Type of out-come: one of []\T1/zi4/m/n/10 "continuous"[]\T1/ptm/m/n/10 , []\T1/zi4/m/n/10 "right-censored"[]\T1/ptm/m/n/10 , or []\T1/zi4/m/n/10 "interval-censored"[]\T1/ptm/m/n/10 .
[6]
Overfull \hbox (23.6656pt too wide) in paragraph at lines 353--363
\T1/ptm/m/n/10 fault), []\T1/zi4/m/n/10 "binary"[]\T1/ptm/m/n/10 , []\T1/zi4/m/n/10 "adaptive"[]\T1/ptm/m/n/1

This is pdfTeX, Version 3.141592653-2.6-1.40.29 (TeX Live 2026) (preloaded format=pdflatex)
 restricted \write18 enabled.
entering extended mode
LaTeX2e <2025-11-01>
L3 programming layer <2026-04-28>
(./Rd2.tex
(/Users/tijnjacobs/Library/TinyTeX/texmf-dist/tex/latex/base/book.cls
Document Class: book 2025/01/22 v1.4n Standard LaTeX document class
(/Users/tijnjacobs/Library/TinyTeX/texmf-dist/tex/latex/base/bk10.clo)) (/Library/Frameworks/R.framework/Resources/share/texmf/tex/latex/Rd.sty (/Users/tijnjacobs/Library/TinyTeX/texmf-dist/tex/latex/base/ifthen.sty) (/Users/tijnjacobs/Library/TinyTeX/texmf-dist/tex/generic/iftex/iftex.sty) (/Users/tijnjacobs/Library/TinyTeX/texmf-dist/tex/latex/tools/longtable.sty) (/Users/tijnjacobs/Library/TinyTeX/texmf-dist/tex/latex/tools/bm.sty) (/Users/tijnjacobs/Library/TinyTeX/texmf-dist/tex/latex/base/alltt.sty) (/Users/tijnjacobs/Library/TinyTeX/texmf-dist/tex/latex/tools/verbatim.sty) (/Users/tijnjacobs/Library/TinyTeX/texmf-dist/tex/latex/url/url.sty) (/Users/tijnjacobs/Library/TinyTeX/texmf-dist/tex/latex/base/textcomp.sty) (/Users/tijnjacobs/Library/TinyTeX/texmf-dist/tex/latex/amsmath/amsmath.sty
For additional information on amsmath, use the `?' option.
(/Users/tijnjacobs/Library/TinyTeX/texmf-dist/tex/latex/amsmath/amstext.sty (/Users/tijnjacobs/Library/TinyTeX/texmf-dist/tex/latex/amsmath/amsgen.sty)) (/Users/tijnjacobs/Library/TinyTeX/texmf-dist/tex/latex/amsmath/amsbsy.sty) (/Users/tijnjacobs/Library/TinyTeX/texmf-dist/tex/latex/amsmath/amsopn.sty)) (/Users/tijnjacobs/Library/TinyTeX/texmf-dist/tex/latex/amsfonts/amsfonts.sty) (/Users/tijnjacobs/Library/TinyTeX/texmf-dist/tex/latex/amsfonts/amssymb.sty) (/Users/tijnjacobs/Library/TinyTeX/texmf-dist/tex/latex/amsfonts/eucal.sty) (/Users/tijnjacobs/Library/TinyTeX/texmf-dist/tex/latex/base/fontenc.sty) (/Users/tijnjacobs/Library/TinyTeX/texmf-dist/tex/latex/psnfss/times.sty) (/Users/tijnjacobs/Library/TinyTeX/texmf-dist/tex/latex/inconsolata/zi4.sty `inconsolata-zi4' v1.12, 2019/05/17 Text macros for Inconsolata (msharpe) (/Users/tijnjacobs/Library/TinyTeX/texmf-dist/tex/latex/xkeyval/xkeyval.sty (/Users/tijnjacobs/Library/TinyTeX/texmf-dist/tex/generic/xkeyval/xkeyval.tex (/Users/tijnjacobs/Library/TinyTeX/texmf-dist/tex/generic/xkeyval/xkvutils.tex (/Users/tijnjacobs/Library/TinyTeX/texmf-dist/tex/generic/xkeyval/keyval.tex))))) (/Users/tijnjacobs/Library/TinyTeX/texmf-dist/tex/latex/graphics/color.sty (/Users/tijnjacobs/Library/TinyTeX/texmf-dist/tex/latex/graphics-cfg/color.cfg) (/Users/tijnjacobs/Library/TinyTeX/texmf-dist/tex/latex/graphics-def/pdftex.def) (/Users/tijnjacobs/Library/TinyTeX/texmf-dist/tex/latex/graphics/mathcolor.ltx)) (/Users/tijnjacobs/Library/TinyTeX/texmf-dist/tex/latex/hyperref/hyperref.sty (/Users/tijnjacobs/Library/TinyTeX/texmf-dist/tex/latex/kvsetkeys/kvsetkeys.sty) (/Users/tijnjacobs/Library/TinyTeX/texmf-dist/tex/generic/kvdefinekeys/kvdefinekeys.sty) (/Users/tijnjacobs/Library/TinyTeX/texmf-dist/tex/generic/pdfescape/pdfescape.sty (/Users/tijnjacobs/Library/TinyTeX/texmf-dist/tex/generic/ltxcmds/ltxcmds.sty) (/Users/tijnjacobs/Library/TinyTeX/texmf-dist/tex/generic/pdftexcmds/pdftexcmds.sty (/Users/tijnjacobs/Library/TinyTeX/texmf-dist/tex/generic/infwarerr/infwarerr.sty))) (/Users/tijnjacobs/Library/TinyTeX/texmf-dist/tex/latex/hycolor/hycolor.sty) (/Users/tijnjacobs/Library/TinyTeX/texmf-dist/tex/latex/hyperref/nameref.sty (/Users/tijnjacobs/Library/TinyTeX/texmf-dist/tex/latex/refcount/refcount.sty) (/Users/tijnjacobs/Library/TinyTeX/texmf-dist/tex/generic/gettitlestring/gettitlestring.sty (/Users/tijnjacobs/Library/TinyTeX/texmf-dist/tex/latex/kvoptions/kvoptions.sty))) (/Users/tijnjacobs/Library/TinyTeX/texmf-dist/tex/latex/etoolbox/etoolbox.sty) (/Users/tijnjacobs/Library/TinyTeX/texmf-dist/tex/generic/stringenc/stringenc.sty) (/Users/tijnjacobs/Library/TinyTeX/texmf-dist/tex/latex/hyperref/pd1enc.def) (/Users/tijnjacobs/Library/TinyTeX/texmf-dist/tex/generic/intcalc/intcalc.sty) (/Users/tijnjacobs/Library/TinyTeX/texmf-dist/tex/latex/hyperref/puenc.def) (/Users/tijnjacobs/Library/TinyTeX/texmf-dist/tex/generic/bitset/bitset.sty (/Users/tijnjacobs/Library/TinyTeX/texmf-dist/tex/generic/bigintcalc/bigintcalc.sty))) (/Users/tijnjacobs/Library/TinyTeX/texmf-dist/tex/latex/hyperref/hpdftex.def (/Users/tijnjacobs/Library/TinyTeX/texmf-dist/tex/latex/rerunfilecheck/rerunfilecheck.sty (/Users/tijnjacobs/Library/TinyTeX/texmf-dist/tex/generic/uniquecounter/uniquecounter.sty)))) (/Users/tijnjacobs/Library/TinyTeX/texmf-dist/tex/latex/base/makeidx.sty)
Writing index file Rd2.idx
(/Users/tijnjacobs/Library/TinyTeX/texmf-dist/tex/latex/psnfss/t1ptm.fd) (/Users/tijnjacobs/Library/TinyTeX/texmf-dist/tex/latex/l3backend/l3backend-pdftex.def) (/private/var/folders/l0/w4ml3bkn5m74hqz7y1_k0gz40000gp/T/RtmpRIpVvn/Rd2pdf12f917ac2ed3/Rd2.aux) (/private/var/folders/l0/w4ml3bkn5m74hqz7y1_k0gz40000gp/T/RtmpRIpVvn/Rd2pdf12f917ac2ed3/Rd2.out) (/private/var/folders/l0/w4ml3bkn5m74hqz7y1_k0gz40000gp/T/RtmpRIpVvn/Rd2pdf12f917ac2ed3/Rd2.out) (/Users/tijnjacobs/Library/TinyTeX/texmf-dist/tex/latex/inconsolata/t1zi4.fd) (/Users/tijnjacobs/Library/TinyTeX/texmf-dist/tex/latex/amsfonts/umsa.fd) (/Users/tijnjacobs/Library/TinyTeX/texmf-dist/tex/latex/amsfonts/umsb.fd) (/private/var/folders/l0/w4ml3bkn5m74hqz7y1_k0gz40000gp/T/RtmpRIpVvn/Rd2pdf12f917ac2ed3/Rd2.toc [1{/Users/tijnjacobs/Library/TinyTeX/texmf-var/fonts/map/pdftex/updmap/pdftex.map}{/Users/tijnjacobs/Library/TinyTeX/texmf-dist/fonts/enc/dvips/base/8r.enc}{/Users/tijnjacobs/Library/TinyTeX/texmf-dist/fonts/enc/dvips/inconsolata/i4-t1-0.enc}]) (/Users/tijnjacobs/Library/TinyTeX/texmf-dist/tex/latex/psnfss/ts1ptm.fd) [2] (/Users/tijnjacobs/Library/TinyTeX/texmf-dist/tex/latex/inconsolata/ts1zi4.fd) [3{/Users/tijnjacobs/Library/TinyTeX/texmf-dist/fonts/enc/dvips/inconsolata/i4-ts1.enc}]
Overfull \hbox (70.89003pt too wide) in paragraph at lines 149--154
[]\T1/ptm/m/n/10 Either a fit-ted []\T1/zi4/m/n/10 CausalShrinkageForest []\T1/ptm/m/n/10 (from [][][]\T1/zi4/m/n/10 CausalShrinkageForest[][][] []\T1/ptm/m/n/10 or [][][]\T1/zi4/m/n/10 CausalHorseForest[][][]

Overfull \hbox (18.52998pt too wide) in paragraph at lines 149--154
[]\T1/ptm/m/n/10 with []\T1/zi4/m/n/10 store_posterior_sample = TRUE[]\T1/ptm/m/n/10 ) or a []\T1/zi4/m/n/10 CausalShrinkageForestPrediction

Overfull \hbox (31.80489pt too wide) in paragraph at lines 161--165
[]\T1/ptm/m/n/10 At each MCMC it-er-a-tion $\OML/cmm/m/it/10 s$ \T1/ptm/m/n/10 the con-di-tional treat-ment ef-fects $\OML/cmm/m/it/10 ^^\[]\OT1/cmr/m/n/10 (\OML/cmm/m/it/10 x[]\OT1/cmr/m/n/10 )$ \T1/ptm/m/n/10 are reweighted with $\OT1/cmr/m/n/10 (\OML/cmm/m/it/10 w[]; [] ; w[]\OT1/cmr/m/n/10 ) \OMS/cmsy/m/n/10 ^^X

Overfull \hbox (33.82092pt too wide) in paragraph at lines 192--195
[][][]\T1/zi4/m/n/10 summary.CausalShrinkageForest[][][][]\T1/ptm/m/n/10 , [][][]\T1/zi4/m/n/10 plot.CausalShrinkageForest[][][][]\T1/ptm/m/n/10 , [][][]\T1/zi4/m/n/10 predict.CausalShrinkageForest[][][] 
[4] [5]
Overfull \hbox (1.67998pt too wide) in paragraph at lines 276--280
\T1/zi4/m/n/10 "interval-censored"[]\T1/ptm/m/n/10 , as val-ues are de-rived from []\T1/zi4/m/n/10 left_time []\T1/ptm/m/n/10 and []\T1/zi4/m/n/10 right_time[]\T1/ptm/m/n/10 . 

Overfull \hbox (27.97824pt too wide) in paragraph at lines 304--309
[]\T1/ptm/m/n/10 Optional nu-meric vec-tor of left (lower) time bound-aries. Re-quired when []\T1/zi4/m/n/10 outcome_type

Overfull \hbox (33.78844pt too wide) in paragraph at lines 310--313
[]\T1/ptm/m/n/10 Optional nu-meric vec-tor of right (up-per) time bound-aries. Re-quired when []\T1/zi4/m/n/10 outcome_type

Overfull \hbox (37.29037pt too wide) in paragraph at lines 314--317
[]\T1/ptm/m/n/10 Type of out-come: one of []\T1/zi4/m/n/10 "continuous"[]\T1/ptm/m/n/10 , []\T1/zi4/m/n/10 "right-censored"[]\T1/ptm/m/n/10 , or []\T1/zi4/m/n/10 "interval-censored"[]\T1/ptm/m/n/10 .
[6]
Overfull \hbox (23.6656pt too wide) in paragraph at lines 353--363
\T1/ptm/m/n/10 fault), []\T1/zi4/m/n/10 "binary"[]\T1/ptm/m/n/10 , []\T1/zi4/m/n/10 "adaptive"[]\T1/ptm/m/n/10 , or []\T1/zi4/m/n/10 "invariant"[]\T1/ptm/m/n/10 . []\T1/zi4/m/n/10 "centered" []\T1/ptm/m/n/10 uses $\OML/cmm/m/it/10 b[] \OMS/cmsy/m/n/10 2 f^^@\OT1/cmr/m/n/10 1\OML/cmm/m/it/10 =\OT1/cmr/m/n/10 2\OML/cmm/m/it/10 ; \OT1/cmr/m/n/10 1\OML/cmm/m/it/10 =\OT1/cmr/m/n/10 2\OMS/cmsy/m/n/10 g$\T1/ptm/m/n/10 ;

Overfull \hbox (6.59346pt too wide) in paragraph at lines 353--363
\T1/ptm/m/n/10 within the Gibbs sam-pler with $\OML/cmm/m/it/10 b[] \OMS/cmsy/m/n/10 ^^X \OML/cmm/m/it/10 N\OT1/cmr/m/n/10 (0\OML/cmm/m/it/10 ; \OT1/cmr/m/n/10 1\OML/cmm/m/it/10 =\OT1/cmr/m/n/10 2)$ \T1/ptm/m/n/10 pri-ors, yield-ing a parameterisation-

Overfull \hbox (53.40898pt too wide) in paragraph at lines 372--379
\T1/ptm/m/n/10 chain be-haviour). When []\T1/zi4/m/n/10 n_chains > 1 []\T1/ptm/m/n/10 the chains are run in par-al-lel via []\T1/zi4/m/n/10 parallel::mclapply

Overfull \hbox (6.62808pt too wide) in paragraph at lines 386--395
\T1/ptm/m/n/10 interval-censored sur-vival out-comes. For interval-censored data, pro-vide []\T1/zi4/m/n/10 left_time []\T1/ptm/m/n/10 and []\T1/zi4/m/n/10 right_time

Overfull \hbox (17.46817pt too wide) in paragraph at lines 386--395
[]\T1/ptm/m/n/10 in-stead of []\T1/zi4/m/n/10 y []\T1/ptm/m/n/10 and []\T1/zi4/m/n/10 status[]\T1/ptm/m/n/10 ; the event in-di-ca-tors are de-rived in-ter-nally fol-low-ing the []\T1/zi4/m/n/10 survival::Surv(type
[7]
Overfull \hbox (76.24681pt too wide) in paragraph at lines 416--418
[]\T1/ptm/m/n/10 Matrix of pos-te-rior sam-ples for con-trol pre-dic-tions (if []\T1/zi4/m/n/10 store_posterior_sample

Overfull \hbox (70.12683pt too wide) in paragraph at lines 418--420
[]\T1/ptm/m/n/10 Matrix of pos-te-rior sam-ples for con-trol pre-dic-tions (if []\T1/zi4/m/n/10 store_posterior_sample

Overfull \hbox (57.63672pt too wide) in paragraph at lines 420--422
[]\T1/ptm/m/n/10 Matrix of pos-te-rior sam-ples for treat-ment ef-fects (if []\T1/zi4/m/n/10 store_posterior_sample

Overfull \hbox (51.51674pt too wide) in paragraph at lines 422--424
[]\T1/ptm/m/n/10 Matrix of pos-te-rior sam-ples for treat-ment ef-fects (if []\T1/zi4/m/n/10 store_posterior_sample

Overfull \hbox (93.25038pt too wide) in paragraph at lines 436--440
[]\T1/ptm/m/n/10 S3 meth-ods: [][][]\T1/zi4/m/n/10 print.CausalShrinkageForest[][][][]\T1/ptm/m/n/10 , [][][]\T1/zi4/m/n/10 summary.CausalShrinkageForest[][][][]\T1/ptm/m/n/10 , [][][]\T1/zi4/m/n/10 predict.CausalShrinkageForest[][][][]\T1/ptm/m/n/10 ,
[8]
Underfull \vbox (badness 10000) has occurred while \output is active [9]
Overfull \hbox (21.75941pt too wide) in paragraph at lines 526--526
 []  \T1/zi4/m/n/9 cindex_result <- survival::concordance(survival::Surv(time_obs, status) ~ predicted_survtime)[] 

Overfull \hbox (8.24101pt too wide) in paragraph at lines 539--539
 []\T1/zi4/m/n/9 cat("95% credible interval: [", round(ci_95[1], 3), ", ", round(ci_95[2], 3), "]\n", sep = "")[] 

Underfull \vbox (badness 10000) has occurred while \output is active [10] [11] [12]
Overfull \hbox (27.97824pt too wide) in paragraph at lines 696--701
[]\T1/ptm/m/n/10 Optional nu-meric vec-tor of left (lower) time bound-aries. Re-quired when []\T1/zi4/m/n/10 outcome_type

Overfull \hbox (33.78844pt too wide) in paragraph at lines 702--705
[]\T1/ptm/m/n/10 Optional nu-meric vec-tor of right (up-per) time bound-aries. Re-quired when []\T1/zi4/m/n/10 outcome_type

Overfull \hbox (37.29037pt too wide) in paragraph at lines 706--709
[]\T1/ptm/m/n/10 Type of out-come: one of []\T1/zi4/m/n/10 "continuous"[]\T1/ptm/m/n/10 , []\T1/zi4/m/n/10 "right-censored"[]\T1/ptm/m/n/10 , or []\T1/zi4/m/n/10 "interval-censored"[]\T1/ptm/m/n/10 .

Overfull \hbox (15.17938pt too wide) in paragraph at lines 719--722
[]\T1/ptm/m/n/10 Type of prior on con-trol for-est step heights. One of []\T1/zi4/m/n/10 "horseshoe"[]\T1/ptm/m/n/10 , []\T1/zi4/m/n/10 "horseshoe_fw"[]\T1/ptm/m/n/10 ,

Overfull \hbox (22.0084pt too wide) in paragraph at lines 723--725
[]\T1/ptm/m/n/10 Type of prior on treat-ment for-est step heights. Same op-tions as []\T1/zi4/m/n/10 prior_type_control[]\T1/ptm/m/n/10 . 
[13]
Overfull \hbox (23.6656pt too wide) in paragraph at lines 787--797
\T1/ptm/m/n/10 fault), []\T1/zi4/m/n/10 "binary"[]\T1/ptm/m/n/10 , []\T1/zi4/m/n/10 "adaptive"[]\T1/ptm/m/n/10 , or []\T1/zi4/m/n/10 "invariant"[]\T1/ptm/m/n/10 . []\T1/zi4/m/n/10 "centered" []\T1/ptm/m/n/10 uses $\OML/cmm/m/it/10 b[] \OMS/cmsy/m/n/10 2 f^^@\OT1/cmr/m/n/10 1\OML/cmm/m/it/10 =\OT1/cmr/m/n/10 2\OML/cmm/m/it/10 ; \OT1/cmr/m/n/10 1\OML/cmm/m/it/10 =\OT1/cmr/m/n/10 2\OMS/cmsy/m/n/10 g$\T1/ptm/m/n/10 ;

Overfull \hbox (6.59346pt too wide) in paragraph at lines 787--797
\T1/ptm/m/n/10 within the Gibbs sam-pler with $\OML/cmm/m/it/10 b[] \OMS/cmsy/m/n/10 ^^X \OML/cmm/m/it/10 N\OT1/cmr/m/n/10 (0\OML/cmm/m/it/10 ; \OT1/cmr/m/n/10 1\OML/cmm/m/it/10 =\OT1/cmr/m/n/10 2)$ \T1/ptm/m/n/10 pri-ors, yield-ing a parameterisation-

Overfull \hbox (53.40898pt too wide) in paragraph at lines 806--813
\T1/ptm/m/n/10 chain be-haviour). When []\T1/zi4/m/n/10 n_chains > 1 []\T1/ptm/m/n/10 the chains are run in par-al-lel via []\T1/zi4/m/n/10 parallel::mclapply
[14]
Overfull \hbox (76.24681pt too wide) in paragraph at lines 862--864
[]\T1/ptm/m/n/10 Matrix of pos-te-rior sam-ples for con-trol pre-dic-tions (if []\T1/zi4/m/n/10 store_posterior_sample

Overfull \hbox (70.12683pt too wide) in paragraph at lines 864--866
[]\T1/ptm/m/n/10 Matrix of pos-te-rior sam-ples for con-trol pre-dic-tions (if []\T1/zi4/m/n/10 store_posterior_sample

Overfull \hbox (57.63672pt too wide) in paragraph at lines 866--868
[]\T1/ptm/m/n/10 Matrix of pos-te-rior sam-ples for treat-ment ef-fects (if []\T1/zi4/m/n/10 store_posterior_sample

Overfull \hbox (51.51674pt too wide) in paragraph at lines 868--870
[]\T1/ptm/m/n/10 Matrix of pos-te-rior sam-ples for treat-ment ef-fects (if []\T1/zi4/m/n/10 store_posterior_sample

Overfull \hbox (11.89772pt too wide) in paragraph at lines 876--879
\T1/ptm/m/it/10 Dimensional Causal Sur-vival Anal-y-sis. \T1/ptm/m/n/10 arXiv:2507.22004. https://doi.org/10.48550/arXiv.2507.22004 
[15]
Overfull \hbox (93.25038pt too wide) in paragraph at lines 895--899
[]\T1/ptm/m/n/10 S3 meth-ods: [][][]\T1/zi4/m/n/10 print.CausalShrinkageForest[][][][]\T1/ptm/m/n/10 , [][][]\T1/zi4/m/n/10 summary.CausalShrinkageForest[][][][]\T1/ptm/m/n/10 , [][][]\T1/zi4/m/n/10 predict.CausalShrinkageForest[][][][]\T1/ptm/m/n/10 ,
[16] [17]
Overfull \hbox (15.6199pt too wide) in paragraph at lines 1028--1032
\T1/ptm/m/n/10 ing []\T1/zi4/m/n/10 outcome_type = "interval-censored"[]\T1/ptm/m/n/10 , as val-ues are de-rived from []\T1/zi4/m/n/10 left_time

Overfull \hbox (27.97824pt too wide) in paragraph at lines 1044--1049
[]\T1/ptm/m/n/10 Optional nu-meric vec-tor of left (lower) time bound-aries. Re-quired when []\T1/zi4/m/n/10 outcome_type

Overfull \hbox (33.78844pt too wide) in paragraph at lines 1050--1053
[]\T1/ptm/m/n/10 Optional nu-meric vec-tor of right (up-per) time bound-aries. Re-quired when []\T1/zi4/m/n/10 outcome_type

Overfull \hbox (0.87764pt too wide) in paragraph at lines 1057--1061
\T1/ptm/m/n/10 up times, will be log-transformed in-ter-nally) or []\T1/zi4/m/n/10 "log" []\T1/ptm/m/n/10 (al-ready log-transformed).

Overfull \hbox (7.37056pt too wide) in paragraph at lines 1057--1061
\T1/ptm/m/n/10 Only used when []\T1/zi4/m/n/10 outcome_type = "right-censored" []\T1/ptm/m/n/10 or []\T1/zi4/m/n/10 "interval-censored"[]\T1/ptm/m/n/10 . 
[18]
Overfull \hbox (53.40898pt too wide) in paragraph at lines 1097--1104
\T1/ptm/m/n/10 chain be-haviour). When []\T1/zi4/m/n/10 n_chains > 1 []\T1/ptm/m/n/10 the chains are run in par-al-lel via []\T1/zi4/m/n/10 parallel::mclapply

Overfull \hbox (68.17659pt too wide) in paragraph at lines 1137--1139
[]\T1/ptm/m/n/10 Matrix of pos-te-rior sam-ples of test pre-dic-tions. Present only if []\T1/zi4/m/n/10 store_posterior_sample

Overfull \hbox (14.90715pt too wide) in paragraph at lines 1139--1141
[]\T1/ptm/m/n/10 Vector of pos-te-rior mean prob-a-bil-i-ties on the train-ing data (only for []\T1/zi4/m/n/10 outcome_type
[19]
Overfull \hbox (27.23662pt too wide) in paragraph at lines 1143--1146
[]\T1/ptm/m/n/10 Matrix of pos-te-rior sam-ples of train-ing prob-a-bil-i-ties (only for []\T1/zi4/m/n/10 outcome_type

Overfull \hbox (3.89668pt too wide) in paragraph at lines 1146--1149
[]\T1/ptm/m/n/10 Matrix of pos-te-rior sam-ples of test prob-a-bil-i-ties (only for []\T1/zi4/m/n/10 outcome_type
[20] [21]
Overfull \hbox (12.76692pt too wide) in paragraph at lines 1272--1277
\T1/ptm/m/n/10 vival times, suit-able for pass-ing to the pack-age's interval-censored sur-vival in-ter-face ([]\T1/zi4/m/n/10 right_time
[22] [23] [24]
Overfull \hbox (34.8886pt too wide) in paragraph at lines 1483--1486
\T1/ptm/m/n/10 train-ing ob-ser-va-tion, sorted by pos-te-rior mean. Re-quires []\T1/zi4/m/n/10 store_posterior_sample
[25] [26]
Overfull \hbox (41.11925pt too wide) in paragraph at lines 1582--1596
\T1/ptm/m/n/10 avail-able for sur-vival out-come types ([]\T1/zi4/m/n/10 "right-censored" []\T1/ptm/m/n/10 or []\T1/zi4/m/n/10 "interval-censored"[]\T1/ptm/m/n/10 ).

Overfull \hbox (40.63568pt too wide) in paragraph at lines 1582--1596
\T1/ptm/b/n/10 Population-averaged curve \T1/ptm/m/n/10 (de-fault, []\T1/zi4/m/n/10 obs = NULL[]\T1/ptm/m/n/10 ): com-putes $[]\OT1/cmr/m/n/10 (\OML/cmm/m/it/10 t\OT1/cmr/m/n/10 ) = \OML/cmm/m/it/10 n[] [][] S\OT1/cmr/m/n/10 (\OML/cmm/m/it/10 t\OMS/cmsy/m/n/10 j\OML/cmm/m/it/10 x[]\OT1/cmr/m/n/10 )$
[27] [28] [29]
Overfull \hbox (188.34094pt too wide) in paragraph at lines 1835--1838
[][][]\T1/zi4/m/n/10 CausalHorseForest[][][][]\T1/ptm/m/n/10 , [][][]\T1/zi4/m/n/10 CausalShrinkageForest[][][][]\T1/ptm/m/n/10 , [][][]\T1/zi4/m/n/10 print.CausalShrinkageForestPrediction[][][][]\T1/ptm/m/n/10 , [][][]\T1/zi4/m/n/10 summary.CausalShrinkageForestPrediction[][][] 
[30]
Overfull \hbox (50.84094pt too wide) in paragraph at lines 1888--1892
[][][]\T1/zi4/m/n/10 HorseTrees[][][][]\T1/ptm/m/n/10 , [][][]\T1/zi4/m/n/10 ShrinkageTrees[][][][]\T1/ptm/m/n/10 , [][][]\T1/zi4/m/n/10 print.ShrinkageTreesPrediction[][][][]\T1/ptm/m/n/10 , [][][]\T1/zi4/m/n/10 summary.ShrinkageTreesPrediction[][][][]\T1/ptm/m/n/10 ,
[31] [32] [33] [34] [35] [36]
Overfull \hbox (0.93999pt too wide) in paragraph at lines 2201--2205
[]\T1/zi4/m/n/10 outcome_type = "interval-censored"[]\T1/ptm/m/n/10 , as val-ues are de-rived from []\T1/zi4/m/n/10 left_time

Overfull \hbox (27.97824pt too wide) in paragraph at lines 2217--2222
[]\T1/ptm/m/n/10 Optional nu-meric vec-tor of left (lower) time bound-aries. Re-quired when []\T1/zi4/m/n/10 outcome_type

Overfull \hbox (33.78844pt too wide) in paragraph at lines 2223--2226
[]\T1/ptm/m/n/10 Optional nu-meric vec-tor of right (up-per) time bound-aries. Re-quired when []\T1/zi4/m/n/10 outcome_type
[37]
Overfull \hbox (0.87764pt too wide) in paragraph at lines 2230--2235
\T1/ptm/m/n/10 up times, will be log-transformed in-ter-nally) or []\T1/zi4/m/n/10 "log" []\T1/ptm/m/n/10 (al-ready log-transformed).

Overfull \hbox (10.51932pt too wide) in paragraph at lines 2238--2241
[]\T1/ptm/m/n/10 Type of prior on the step heights. Op-tions in-clude []\T1/zi4/m/n/10 "horseshoe"[]\T1/ptm/m/n/10 , []\T1/zi4/m/n/10 "horseshoe_fw"[]\T1/ptm/m/n/10 ,

Overfull \hbox (2.27792pt too wide) in paragraph at lines 2242--2245
\T1/ptm/m/n/10 typ-i-cally be set smaller than 1 / sqrt(number_of_trees). Re-quired for []\T1/zi4/m/n/10 prior_type

Overfull \hbox (10.55965pt too wide) in paragraph at lines 2246--2249
\T1/ptm/m/n/10 Horseshoe-type pri-ors; ig-nored for []\T1/zi4/m/n/10 prior_type = "half-cauchy" []\T1/ptm/m/n/10 or []\T1/zi4/m/n/10 "standard"[]\T1/ptm/m/n/10 . 

Overfull \hbox (53.40898pt too wide) in paragraph at lines 2286--2293
\T1/ptm/m/n/10 chain be-haviour). When []\T1/zi4/m/n/10 n_chains > 1 []\T1/ptm/m/n/10 the chains are run in par-al-lel via []\T1/zi4/m/n/10 parallel::mclapply
[38]
Overfull \hbox (68.17659pt too wide) in paragraph at lines 2346--2348
[]\T1/ptm/m/n/10 Matrix of pos-te-rior sam-ples of test pre-dic-tions. Present only if []\T1/zi4/m/n/10 store_posterior_sample

Overfull \hbox (14.90715pt too wide) in paragraph at lines 2348--2350
[]\T1/ptm/m/n/10 Vector of pos-te-rior mean prob-a-bil-i-ties on the train-ing data (only for []\T1/zi4/m/n/10 outcome_type

Overfull \hbox (27.23662pt too wide) in paragraph at lines 2352--2355
[]\T1/ptm/m/n/10 Matrix of pos-te-rior sam-ples of train-ing prob-a-bil-i-ties (only for []\T1/zi4/m/n/10 outcome_type

Overfull \hbox (3.89668pt too wide) in paragraph at lines 2355--2358
[]\T1/ptm/m/n/10 Matrix of pos-te-rior sam-ples of test prob-a-bil-i-ties (only for []\T1/zi4/m/n/10 outcome_type

Overfull \hbox (11.89772pt too wide) in paragraph at lines 2364--2369
\T1/ptm/m/it/10 Dimensional Causal Sur-vival Anal-y-sis. \T1/ptm/m/n/10 arXiv:2507.22004. https://doi.org/10.48550/arXiv.2507.22004
[39]
Overfull \hbox (55.95866pt too wide) in paragraph at lines 2376--2379
[]\T1/ptm/m/n/10 Model fam-ily: [][][]\T1/zi4/m/n/10 HorseTrees[][][] []\T1/ptm/m/n/10 (horse-shoe prior), [][][]\T1/zi4/m/n/10 CausalHorseForest[][][] []\T1/ptm/m/n/10 (causal in-fer-ence), [][][]\T1/zi4/m/n/10 CausalShrinkageForest[][][]
[40] [41]
Overfull \hbox (15.61876pt too wide) in paragraph at lines 2500--2505
\T1/ptm/m/n/10 tion-ally []\T1/zi4/m/n/10 ate_lower[]\T1/ptm/m/n/10 , []\T1/zi4/m/n/10 ate_upper []\T1/ptm/m/n/10 (95 per-cent cred-i-ble in-ter-val; re-quires []\T1/zi4/m/n/10 store_posterior_sample
[42]
Overfull \hbox (34.83992pt too wide) in paragraph at lines 2581--2583
[]\T1/ptm/m/n/10 Outcome type ([]\T1/zi4/m/n/10 "continuous"[]\T1/ptm/m/n/10 , []\T1/zi4/m/n/10 "binary"[]\T1/ptm/m/n/10 , []\T1/zi4/m/n/10 "right-censored"[]\T1/ptm/m/n/10 , or []\T1/zi4/m/n/10 "interval-censored"[]\T1/ptm/m/n/10 ). 

Overfull \hbox (13.34094pt too wide) in paragraph at lines 2604--2607
[][][]\T1/zi4/m/n/10 print.summary.ShrinkageTrees[][][][]\T1/ptm/m/n/10 , [][][]\T1/zi4/m/n/10 as.mcmc.list.ShrinkageTrees[][][][]\T1/ptm/m/n/10 , [][][]\T1/zi4/m/n/10 HorseTrees[][][][]\T1/ptm/m/n/10 , [][][]\T1/zi4/m/n/10 ShrinkageTrees[][][] 
[43] [44]
Overfull \hbox (14.86888pt too wide) in paragraph at lines 2701--2709
\T1/ptm/m/n/10 tions have []\T1/zi4/m/n/10 right_time = Inf[]\T1/ptm/m/n/10 ; interval-censored ob-ser-va-tions have fi-nite []\T1/zi4/m/n/10 left_time

Overfull \hbox (6.2183pt too wide) in paragraph at lines 2722--2726
[]\T1/ptm/m/n/10 and []\T1/zi4/m/n/10 right_time []\T1/ptm/m/n/10 in-stead; event in-di-ca-tors are de-rived in-ter-nally fol-low-ing the []\T1/zi4/m/n/10 survival::Surv(type
[45]
Overfull \hbox (7.74757pt too wide) in paragraph at lines 2749--2752
[]\T1/ptm/m/n/10 Related mod-els: [][][]\T1/zi4/m/n/10 SurvivalDART[][][] []\T1/ptm/m/n/10 (Dirich-let spar-sity), [][][]\T1/zi4/m/n/10 HorseTrees[][][] []\T1/ptm/m/n/10 (horse-shoe prior), [][][]\T1/zi4/m/n/10 ShrinkageTrees[][][]
[46] [47]
Overfull \hbox (14.86888pt too wide) in paragraph at lines 2895--2903
\T1/ptm/m/n/10 tions have []\T1/zi4/m/n/10 right_time = Inf[]\T1/ptm/m/n/10 ; interval-censored ob-ser-va-tions have fi-nite []\T1/zi4/m/n/10 left_time

Overfull \hbox (6.2183pt too wide) in paragraph at lines 2921--2925
[]\T1/ptm/m/n/10 and []\T1/zi4/m/n/10 right_time []\T1/ptm/m/n/10 in-stead; event in-di-ca-tors are de-rived in-ter-nally fol-low-ing the []\T1/zi4/m/n/10 survival::Surv(type
[48]
Overfull \hbox (93.25038pt too wide) in paragraph at lines 2950--2954
[]\T1/ptm/m/n/10 S3 meth-ods: [][][]\T1/zi4/m/n/10 print.CausalShrinkageForest[][][][]\T1/ptm/m/n/10 , [][][]\T1/zi4/m/n/10 summary.CausalShrinkageForest[][][][]\T1/ptm/m/n/10 , [][][]\T1/zi4/m/n/10 predict.CausalShrinkageForest[][][][]\T1/ptm/m/n/10 ,
[49] [50]
Overfull \hbox (14.86888pt too wide) in paragraph at lines 3078--3086
\T1/ptm/m/n/10 tions have []\T1/zi4/m/n/10 right_time = Inf[]\T1/ptm/m/n/10 ; interval-censored ob-ser-va-tions have fi-nite []\T1/zi4/m/n/10 left_time

Overfull \hbox (6.2183pt too wide) in paragraph at lines 3099--3103
[]\T1/ptm/m/n/10 and []\T1/zi4/m/n/10 right_time []\T1/ptm/m/n/10 in-stead; event in-di-ca-tors are de-rived in-ter-nally fol-low-ing the []\T1/zi4/m/n/10 survival::Surv(type
[51]
Overfull \hbox (4.87653pt too wide) in paragraph at lines 3182--3186
\T1/ptm/m/n/10 model, com-bin-ing Dirich-let split-ting pri-ors with global-local shrink-age. Sup-ports both right-censored
[52] [53]
Overfull \hbox (14.86888pt too wide) in paragraph at lines 3274--3282
\T1/ptm/m/n/10 tions have []\T1/zi4/m/n/10 right_time = Inf[]\T1/ptm/m/n/10 ; interval-censored ob-ser-va-tions have fi-nite []\T1/zi4/m/n/10 left_time
[54]
Overfull \hbox (93.25038pt too wide) in paragraph at lines 3342--3346
[]\T1/ptm/m/n/10 S3 meth-ods: [][][]\T1/zi4/m/n/10 print.CausalShrinkageForest[][][][]\T1/ptm/m/n/10 , [][][]\T1/zi4/m/n/10 summary.CausalShrinkageForest[][][][]\T1/ptm/m/n/10 , [][][]\T1/zi4/m/n/10 predict.CausalShrinkageForest[][][][]\T1/ptm/m/n/10 ,
[55]
No file Rd2.ind.
[56] (/private/var/folders/l0/w4ml3bkn5m74hqz7y1_k0gz40000gp/T/RtmpRIpVvn/Rd2pdf12f917ac2ed3/Rd2.aux) )
(see the transcript file for additional information)
pdfTeX warning (dest): name{Rfn.mcmc} has been referenced but does not exist, replaced by a fixed one


pdfTeX warning (dest): name{Rfn.mcmc.list} has been referenced but does not exist, replaced by a fixed one

</Users/tijnjacobs/Library/TinyTeX/texmf-dist/fonts/type1/public/inconsolata/Inconsolata-zi4r.pfb></Users/tijnjacobs/Library/TinyTeX/texmf-dist/fonts/type1/public/amsfonts/cm/cmex10.pfb></Users/tijnjacobs/Library/TinyTeX/texmf-dist/fonts/type1/public/amsfonts/cm/cmmi10.pfb></Users/tijnjacobs/Library/TinyTeX/texmf-dist/fonts/type1/public/amsfonts/cm/cmmi7.pfb></Users/tijnjacobs/Library/TinyTeX/texmf-dist/fonts/type1/public/amsfonts/cm/cmr10.pfb></Users/tijnjacobs/Library/TinyTeX/texmf-dist/fonts/type1/public/amsfonts/cm/cmr7.pfb></Users/tijnjacobs/Library/TinyTeX/texmf-dist/fonts/type1/public/amsfonts/cm/cmsy10.pfb></Users/tijnjacobs/Library/TinyTeX/texmf-dist/fonts/type1/public/amsfonts/cm/cmsy7.pfb></Users/tijnjacobs/Library/TinyTeX/texmf-dist/fonts/type1/public/amsfonts/symbols/msbm10.pfb></Users/tijnjacobs/Library/TinyTeX/texmf-dist/fonts/type1/urw/times/utmb8a.pfb></Users/tijnjacobs/Library/TinyTeX/texmf-dist/fonts/type1/urw/times/utmr8a.pfb></Users/tijnjacobs/Library/TinyTeX/texmf-dist/fonts/type1/urw/times/utmr8a.pfb></Users/tijnjacobs/Library/TinyTeX/texmf-dist/fonts/type1/urw/times/utmri8a.pfb>
Output written on Rd2.pdf (56 pages, 275596 bytes).
Transcript written on Rd2.log.
Saving output to ‘ShrinkageTrees-manual.pdf’ ...
Done
You may want to clean up by 'rm -Rf /var/folders/l0/w4ml3bkn5m74hqz7y1_k0gz40000gp/T//RtmpRIpVvn/Rd2pdf12f917ac2ed3'
