This is pdfTeX, Version 3.141592653-2.6-1.40.29 (TeX Live 2026) (preloaded format=pdflatex 2026.5.22)  22 MAY 2026 13:51
entering extended mode
 restricted \write18 enabled.
 %&-line parsing enabled.
**\input ./Rd2.tex
(./Rd2.tex
(/Users/tijnjacobs/Library/TinyTeX/texmf-dist/tex/latex/base/book.cls
Document Class: book 2025/01/22 v1.4n Standard LaTeX document class
(/Users/tijnjacobs/Library/TinyTeX/texmf-dist/tex/latex/base/bk10.clo
File: bk10.clo 2025/01/22 v1.4n Standard LaTeX file (size option)
)
\c@part=\count276
\c@chapter=\count277
\c@section=\count278
\c@subsection=\count279
\c@subsubsection=\count280
\c@paragraph=\count281
\c@subparagraph=\count282
\c@figure=\count283
\c@table=\count284
\abovecaptionskip=\skip49
\belowcaptionskip=\skip50
\bibindent=\dimen150
) (/Library/Frameworks/R.framework/Resources/share/texmf/tex/latex/Rd.sty
Package: Rd 
 (/Users/tijnjacobs/Library/TinyTeX/texmf-dist/tex/latex/base/ifthen.sty
Package: ifthen 2024/03/16 v1.1e Standard LaTeX ifthen package (DPC)
) (/Users/tijnjacobs/Library/TinyTeX/texmf-dist/tex/generic/iftex/iftex.sty
Package: iftex 2024/12/12 v1.0g TeX engine tests
) (/Users/tijnjacobs/Library/TinyTeX/texmf-dist/tex/latex/tools/longtable.sty
Package: longtable 2025-10-13 v4.24 Multi-page Table package (DPC)
\LTleft=\skip51
\LTright=\skip52
\LTpre=\skip53
\LTpost=\skip54
\LTchunksize=\count285
\LTcapwidth=\dimen151
\LT@head=\box53
\LT@firsthead=\box54
\LT@foot=\box55
\LT@lastfoot=\box56
\LT@gbox=\box57
\LT@cols=\count286
\LT@rows=\count287
\c@LT@tables=\count288
\c@LT@chunks=\count289
\LT@p@ftn=\toks17
) (/Users/tijnjacobs/Library/TinyTeX/texmf-dist/tex/latex/tools/bm.sty
Package: bm 2025/10/21 v1.2g Bold Symbol Support (DPC/FMi)
\symboldoperators=\mathgroup4
\symboldletters=\mathgroup5
\symboldsymbols=\mathgroup6
Package bm Info: No bold for \OMX/cmex/m/n, using \pmb.
LaTeX Font Info:    Redeclaring math alphabet \mathbf on input line 149.
) (/Users/tijnjacobs/Library/TinyTeX/texmf-dist/tex/latex/base/alltt.sty
Package: alltt 2024/07/07 v2.0g defines alltt environment
) (/Users/tijnjacobs/Library/TinyTeX/texmf-dist/tex/latex/tools/verbatim.sty
Package: verbatim 2024-01-22 v1.5x LaTeX2e package for verbatim enhancements
\every@verbatim=\toks18
\verbatim@line=\toks19
\verbatim@in@stream=\read2
) (/Users/tijnjacobs/Library/TinyTeX/texmf-dist/tex/latex/url/url.sty
\Urlmuskip=\muskip17
Package: url 2013/09/16  ver 3.4  Verb mode for urls, etc.
) (/Users/tijnjacobs/Library/TinyTeX/texmf-dist/tex/latex/base/textcomp.sty
Package: textcomp 2024/04/24 v2.1b Standard LaTeX package
) (/Users/tijnjacobs/Library/TinyTeX/texmf-dist/tex/latex/amsmath/amsmath.sty
Package: amsmath 2025/07/09 v2.17z AMS math features
\@mathmargin=\skip55

For additional information on amsmath, use the `?' option.
(/Users/tijnjacobs/Library/TinyTeX/texmf-dist/tex/latex/amsmath/amstext.sty
Package: amstext 2024/11/17 v2.01 AMS text
 (/Users/tijnjacobs/Library/TinyTeX/texmf-dist/tex/latex/amsmath/amsgen.sty
File: amsgen.sty 1999/11/30 v2.0 generic functions
\@emptytoks=\toks20
\ex@=\dimen152
)) (/Users/tijnjacobs/Library/TinyTeX/texmf-dist/tex/latex/amsmath/amsbsy.sty
Package: amsbsy 1999/11/29 v1.2d Bold Symbols
LaTeX Info: Redefining \boldsymbol on input line 28.
\pmbraise@=\dimen153
) (/Users/tijnjacobs/Library/TinyTeX/texmf-dist/tex/latex/amsmath/amsopn.sty
Package: amsopn 2022/04/08 v2.04 operator names
)
\inf@bad=\count290
LaTeX Info: Redefining \frac on input line 233.
\uproot@=\count291
\leftroot@=\count292
LaTeX Info: Redefining \overline on input line 398.
LaTeX Info: Redefining \colon on input line 409.
\classnum@=\count293
\DOTSCASE@=\count294
LaTeX Info: Redefining \ldots on input line 495.
LaTeX Info: Redefining \dots on input line 498.
LaTeX Info: Redefining \cdots on input line 619.
\Mathstrutbox@=\box58
\strutbox@=\box59
LaTeX Info: Redefining \big on input line 721.
LaTeX Info: Redefining \Big on input line 722.
LaTeX Info: Redefining \bigg on input line 723.
LaTeX Info: Redefining \Bigg on input line 724.
\big@size=\dimen154
LaTeX Font Info:    Redeclaring font encoding OML on input line 742.
LaTeX Font Info:    Redeclaring font encoding OMS on input line 743.
\macc@depth=\count295
LaTeX Info: Redefining \bmod on input line 904.
LaTeX Info: Redefining \pmod on input line 909.
LaTeX Info: Redefining \smash on input line 939.
LaTeX Info: Redefining \relbar on input line 969.
LaTeX Info: Redefining \Relbar on input line 970.
\c@MaxMatrixCols=\count296
\dotsspace@=\muskip18
\c@parentequation=\count297
\dspbrk@lvl=\count298
\tag@help=\toks21
\row@=\count299
\column@=\count300
\maxfields@=\count301
\andhelp@=\toks22
\eqnshift@=\dimen155
\alignsep@=\dimen156
\tagshift@=\dimen157
\tagwidth@=\dimen158
\totwidth@=\dimen159
\lineht@=\dimen160
\@envbody=\toks23
\multlinegap=\skip56
\multlinetaggap=\skip57
\mathdisplay@stack=\toks24
LaTeX Info: Redefining \[ on input line 2950.
LaTeX Info: Redefining \] on input line 2951.
) (/Users/tijnjacobs/Library/TinyTeX/texmf-dist/tex/latex/amsfonts/amsfonts.sty
Package: amsfonts 2013/01/14 v3.01 Basic AMSFonts support
\symAMSa=\mathgroup7
\symAMSb=\mathgroup8
LaTeX Font Info:    Redeclaring math symbol \hbar on input line 98.
LaTeX Font Info:    Overwriting math alphabet `\mathfrak' in version `bold'
(Font)                  U/euf/m/n --> U/euf/b/n on input line 106.
) (/Users/tijnjacobs/Library/TinyTeX/texmf-dist/tex/latex/amsfonts/amssymb.sty
Package: amssymb 2013/01/14 v3.01 AMS font symbols
) (/Users/tijnjacobs/Library/TinyTeX/texmf-dist/tex/latex/amsfonts/eucal.sty
Package: eucal 2009/06/22 v3.00 Euler Script fonts
LaTeX Font Info:    Overwriting math alphabet `\EuScript' in version `bold'
(Font)                  U/eus/m/n --> U/eus/b/n on input line 33.
)
\ldescriptionwidth=\skip58
 (/Users/tijnjacobs/Library/TinyTeX/texmf-dist/tex/latex/base/fontenc.sty
Package: fontenc 2025/07/18 v2.1d Standard LaTeX package
) (/Users/tijnjacobs/Library/TinyTeX/texmf-dist/tex/latex/psnfss/times.sty
Package: times 2020/03/25 PSNFSS-v9.3 (SPQR) 
) (/Users/tijnjacobs/Library/TinyTeX/texmf-dist/tex/latex/inconsolata/zi4.sty
Package: zi4 2019/05/17 v1.12
 `inconsolata-zi4' v1.12, 2019/05/17 Text macros for Inconsolata (msharpe) (/Users/tijnjacobs/Library/TinyTeX/texmf-dist/tex/latex/xkeyval/xkeyval.sty
Package: xkeyval 2025/11/04 v2.10 package option processing (HA)
 (/Users/tijnjacobs/Library/TinyTeX/texmf-dist/tex/generic/xkeyval/xkeyval.tex (/Users/tijnjacobs/Library/TinyTeX/texmf-dist/tex/generic/xkeyval/xkvutils.tex
\XKV@toks=\toks25
\XKV@tempa@toks=\toks26
\XKV@tempb@toks=\toks27
 (/Users/tijnjacobs/Library/TinyTeX/texmf-dist/tex/generic/xkeyval/keyval.tex))
\XKV@depth=\count302
File: xkeyval.tex 2014/12/03 v2.7a key=value parser (HA)
))
\zifour@ocount=\count303
) (/Users/tijnjacobs/Library/TinyTeX/texmf-dist/tex/latex/graphics/color.sty
Package: color 2025/01/14 v1.3e Standard LaTeX Color (DPC)
 (/Users/tijnjacobs/Library/TinyTeX/texmf-dist/tex/latex/graphics-cfg/color.cfg
File: color.cfg 2016/01/02 v1.6 sample color configuration
)
Package color Info: Driver file: pdftex.def on input line 149.
 (/Users/tijnjacobs/Library/TinyTeX/texmf-dist/tex/latex/graphics-def/pdftex.def
File: pdftex.def 2025/09/29 v1.2d Graphics/color driver for pdftex
) (/Users/tijnjacobs/Library/TinyTeX/texmf-dist/tex/latex/graphics/mathcolor.ltx)) (/Users/tijnjacobs/Library/TinyTeX/texmf-dist/tex/latex/hyperref/hyperref.sty
Package: hyperref 2026-04-24 v7.01q Hypertext links for LaTeX
 (/Users/tijnjacobs/Library/TinyTeX/texmf-dist/tex/latex/kvsetkeys/kvsetkeys.sty
Package: kvsetkeys 2022-10-05 v1.19 Key value parser (HO)
) (/Users/tijnjacobs/Library/TinyTeX/texmf-dist/tex/generic/kvdefinekeys/kvdefinekeys.sty
Package: kvdefinekeys 2019-12-19 v1.6 Define keys (HO)
) (/Users/tijnjacobs/Library/TinyTeX/texmf-dist/tex/generic/pdfescape/pdfescape.sty
Package: pdfescape 2019/12/09 v1.15 Implements pdfTeX's escape features (HO)
 (/Users/tijnjacobs/Library/TinyTeX/texmf-dist/tex/generic/ltxcmds/ltxcmds.sty
Package: ltxcmds 2023-12-04 v1.26 LaTeX kernel commands for general use (HO)
) (/Users/tijnjacobs/Library/TinyTeX/texmf-dist/tex/generic/pdftexcmds/pdftexcmds.sty
Package: pdftexcmds 2020-06-27 v0.33 Utility functions of pdfTeX for LuaTeX (HO)
 (/Users/tijnjacobs/Library/TinyTeX/texmf-dist/tex/generic/infwarerr/infwarerr.sty
Package: infwarerr 2019/12/03 v1.5 Providing info/warning/error messages (HO)
)
Package pdftexcmds Info: \pdf@primitive is available.
Package pdftexcmds Info: \pdf@ifprimitive is available.
Package pdftexcmds Info: \pdfdraftmode found.
)) (/Users/tijnjacobs/Library/TinyTeX/texmf-dist/tex/latex/hycolor/hycolor.sty
Package: hycolor 2020-01-27 v1.10 Color options for hyperref/bookmark (HO)
) (/Users/tijnjacobs/Library/TinyTeX/texmf-dist/tex/latex/hyperref/nameref.sty
Package: nameref 2026-01-29 v2.58 Cross-referencing by name of section
 (/Users/tijnjacobs/Library/TinyTeX/texmf-dist/tex/latex/refcount/refcount.sty
Package: refcount 2019/12/15 v3.6 Data extraction from label references (HO)
) (/Users/tijnjacobs/Library/TinyTeX/texmf-dist/tex/generic/gettitlestring/gettitlestring.sty
Package: gettitlestring 2019/12/15 v1.6 Cleanup title references (HO)
 (/Users/tijnjacobs/Library/TinyTeX/texmf-dist/tex/latex/kvoptions/kvoptions.sty
Package: kvoptions 2022-06-15 v3.15 Key value format for package options (HO)
))
\c@section@level=\count304
) (/Users/tijnjacobs/Library/TinyTeX/texmf-dist/tex/latex/etoolbox/etoolbox.sty
Package: etoolbox 2025/10/02 v2.5m e-TeX tools for LaTeX (JAW)
\etb@tempcnta=\count305
) (/Users/tijnjacobs/Library/TinyTeX/texmf-dist/tex/generic/stringenc/stringenc.sty
Package: stringenc 2019/11/29 v1.12 Convert strings between diff. encodings (HO)
)
\@linkdim=\dimen161
\Hy@linkcounter=\count306
\Hy@pagecounter=\count307
 (/Users/tijnjacobs/Library/TinyTeX/texmf-dist/tex/latex/hyperref/pd1enc.def
File: pd1enc.def 2026-04-24 v7.01q Hyperref: PDFDocEncoding definition (HO)
Now handling font encoding PD1 ...
... no UTF-8 mapping file for font encoding PD1
) (/Users/tijnjacobs/Library/TinyTeX/texmf-dist/tex/generic/intcalc/intcalc.sty
Package: intcalc 2019/12/15 v1.3 Expandable calculations with integers (HO)
)
\Hy@SavedSpaceFactor=\count308
 (/Users/tijnjacobs/Library/TinyTeX/texmf-dist/tex/latex/hyperref/puenc.def
File: puenc.def 2026-04-24 v7.01q Hyperref: PDF Unicode definition (HO)
Now handling font encoding PU ...
... no UTF-8 mapping file for font encoding PU
)
Package hyperref Info: Hyper figures OFF on input line 4199.
Package hyperref Info: Link nesting OFF on input line 4204.
Package hyperref Info: Hyper index ON on input line 4207.
Package hyperref Info: Plain pages OFF on input line 4214.
Package hyperref Info: Backreferencing OFF on input line 4219.
Package hyperref Info: Implicit mode ON; LaTeX internals redefined.
Package hyperref Info: Bookmarks ON on input line 4466.
\c@Hy@tempcnt=\count309
LaTeX Info: Redefining \url on input line 4805.
\XeTeXLinkMargin=\dimen162
 (/Users/tijnjacobs/Library/TinyTeX/texmf-dist/tex/generic/bitset/bitset.sty
Package: bitset 2019/12/09 v1.3 Handle bit-vector datatype (HO)
 (/Users/tijnjacobs/Library/TinyTeX/texmf-dist/tex/generic/bigintcalc/bigintcalc.sty
Package: bigintcalc 2019/12/15 v1.5 Expandable calculations on big integers (HO)
))
\Fld@menulength=\count310
\Field@Width=\dimen163
\Fld@charsize=\dimen164
Package hyperref Info: Hyper figures OFF on input line 6091.
Package hyperref Info: Link nesting OFF on input line 6096.
Package hyperref Info: Hyper index ON on input line 6099.
Package hyperref Info: backreferencing OFF on input line 6106.
Package hyperref Info: Link coloring OFF on input line 6111.
Package hyperref Info: Link coloring with OCG OFF on input line 6116.
Package hyperref Info: PDF/A mode OFF on input line 6121.
\Hy@abspage=\count311
\c@Item=\count312
\c@Hfootnote=\count313
)
Package hyperref Info: Driver (autodetected): hpdftex.
 (/Users/tijnjacobs/Library/TinyTeX/texmf-dist/tex/latex/hyperref/hpdftex.def
File: hpdftex.def 2026-04-24 v7.01q Hyperref driver for pdfTeX
\Fld@listcount=\count314
\c@bookmark@seq@number=\count315
 (/Users/tijnjacobs/Library/TinyTeX/texmf-dist/tex/latex/rerunfilecheck/rerunfilecheck.sty
Package: rerunfilecheck 2025-06-21 v1.11 Rerun checks for auxiliary files (HO)
 (/Users/tijnjacobs/Library/TinyTeX/texmf-dist/tex/generic/uniquecounter/uniquecounter.sty
Package: uniquecounter 2019/12/15 v1.4 Provide unlimited unique counter (HO)
)
Package uniquecounter Info: New unique counter `rerunfilecheck' on input line 284.
)
\Hy@SectionHShift=\skip59
)
Package hyperref Info: Option `colorlinks' set `true' on input line 413.
Package hyperref Info: Option `linktocpage' set `true' on input line 413.
Package hyperref Info: Option `plainpages' set `false' on input line 413.
LaTeX Encoding Info:    Ignoring declaration for text command \textdegree (encoding ?) on input line 462.
LaTeX Encoding Info:    Ignoring declaration for text command \textonehalf (encoding ?) on input line 463.
LaTeX Encoding Info:    Ignoring declaration for text command \textonequarter (encoding ?) on input line 464.
LaTeX Encoding Info:    Ignoring declaration for text command \textthreequarters (encoding ?) on input line 465.
LaTeX Encoding Info:    Ignoring declaration for text command \textcent (encoding ?) on input line 466.
LaTeX Encoding Info:    Ignoring declaration for text command \textyen (encoding ?) on input line 467.
LaTeX Encoding Info:    Ignoring declaration for text command \textcurrency (encoding ?) on input line 468.
LaTeX Encoding Info:    Ignoring declaration for text command \textbrokenbar (encoding ?) on input line 469.
LaTeX Encoding Info:    Ignoring declaration for text command \texteuro (encoding ?) on input line 470.
) (/Users/tijnjacobs/Library/TinyTeX/texmf-dist/tex/latex/base/makeidx.sty
Package: makeidx 2021/10/04 v1.0m Standard LaTeX package
)
\@indexfile=\write3
\openout3 = `Rd2.idx'.


Writing index file Rd2.idx
LaTeX Font Info:    Trying to load font information for T1+ptm on input line 8.
(/Users/tijnjacobs/Library/TinyTeX/texmf-dist/tex/latex/psnfss/t1ptm.fd
File: t1ptm.fd 2001/06/04 font definitions for T1/ptm.
) (/Users/tijnjacobs/Library/TinyTeX/texmf-dist/tex/latex/l3backend/l3backend-pdftex.def
File: l3backend-pdftex.def 2026-02-18 L3 backend support: PDF output (pdfTeX)
\l__color_backend_stack_int=\count316
) (/private/var/folders/l0/w4ml3bkn5m74hqz7y1_k0gz40000gp/T/RtmpRIpVvn/Rd2pdf12f917ac2ed3/Rd2.aux)
\openout1 = `Rd2.aux'.

LaTeX Font Info:    Checking defaults for OML/cmm/m/it on input line 8.
LaTeX Font Info:    ... okay on input line 8.
LaTeX Font Info:    Checking defaults for OMS/cmsy/m/n on input line 8.
LaTeX Font Info:    ... okay on input line 8.
LaTeX Font Info:    Checking defaults for OT1/cmr/m/n on input line 8.
LaTeX Font Info:    ... okay on input line 8.
LaTeX Font Info:    Checking defaults for T1/cmr/m/n on input line 8.
LaTeX Font Info:    ... okay on input line 8.
LaTeX Font Info:    Checking defaults for TS1/cmr/m/n on input line 8.
LaTeX Font Info:    ... okay on input line 8.
LaTeX Font Info:    Checking defaults for OMX/cmex/m/n on input line 8.
LaTeX Font Info:    ... okay on input line 8.
LaTeX Font Info:    Checking defaults for U/cmr/m/n on input line 8.
LaTeX Font Info:    ... okay on input line 8.
LaTeX Font Info:    Checking defaults for PD1/pdf/m/n on input line 8.
LaTeX Font Info:    ... okay on input line 8.
LaTeX Font Info:    Checking defaults for PU/pdf/m/n on input line 8.
LaTeX Font Info:    ... okay on input line 8.
Package hyperref Info: Link coloring ON on input line 8.
 (/private/var/folders/l0/w4ml3bkn5m74hqz7y1_k0gz40000gp/T/RtmpRIpVvn/Rd2pdf12f917ac2ed3/Rd2.out) (/private/var/folders/l0/w4ml3bkn5m74hqz7y1_k0gz40000gp/T/RtmpRIpVvn/Rd2pdf12f917ac2ed3/Rd2.out)
\@outlinefile=\write4
\openout4 = `Rd2.out'.

LaTeX Font Info:    Trying to load font information for T1+zi4 on input line 23.
 (/Users/tijnjacobs/Library/TinyTeX/texmf-dist/tex/latex/inconsolata/t1zi4.fd
File: t1zi4.fd 2018/01/14 T1/zi4 (Inconsolata)
)
LaTeX Font Info:    Font shape `T1/zi4/m/n' will be
(Font)              scaled to size 10.0pt on input line 23.
LaTeX Font Info:    Trying to load font information for U+msa on input line 31.
 (/Users/tijnjacobs/Library/TinyTeX/texmf-dist/tex/latex/amsfonts/umsa.fd
File: umsa.fd 2013/01/14 v3.01 AMS symbols A
)
LaTeX Font Info:    Trying to load font information for U+msb on input line 31.
 (/Users/tijnjacobs/Library/TinyTeX/texmf-dist/tex/latex/amsfonts/umsb.fd
File: umsb.fd 2013/01/14 v3.01 AMS symbols B
) (/private/var/folders/l0/w4ml3bkn5m74hqz7y1_k0gz40000gp/T/RtmpRIpVvn/Rd2pdf12f917ac2ed3/Rd2.toc [1


{/Users/tijnjacobs/Library/TinyTeX/texmf-var/fonts/map/pdftex/updmap/pdftex.map}{/Users/tijnjacobs/Library/TinyTeX/texmf-dist/fonts/enc/dvips/base/8r.enc}{/Users/tijnjacobs/Library/TinyTeX/texmf-dist/fonts/enc/dvips/inconsolata/i4-t1-0.enc}])
\tf@toc=\write5
\openout5 = `Rd2.toc'.

LaTeX Font Info:    Trying to load font information for TS1+ptm on input line 66.
 (/Users/tijnjacobs/Library/TinyTeX/texmf-dist/tex/latex/psnfss/ts1ptm.fd
File: ts1ptm.fd 2001/06/04 font definitions for TS1/ptm.
) [2]
LaTeX Font Info:    Trying to load font information for TS1+zi4 on input line 84.
 (/Users/tijnjacobs/Library/TinyTeX/texmf-dist/tex/latex/inconsolata/ts1zi4.fd
File: ts1zi4.fd 2018/01/14 TS1/zi4 (Inconsolata)
)
LaTeX Font Info:    Font shape `TS1/zi4/m/n' will be
(Font)              scaled to size 10.0pt on input line 84.
LaTeX Font Info:    Font shape `T1/zi4/m/n' will be
(Font)              scaled to size 9.0pt on input line 120.
 [3{/Users/tijnjacobs/Library/TinyTeX/texmf-dist/fonts/enc/dvips/inconsolata/i4-ts1.enc}]
Overfull \hbox (70.89003pt too wide) in paragraph at lines 149--154
[]\T1/ptm/m/n/10 Either a fit-ted []\T1/zi4/m/n/10 CausalShrinkageForest []\T1/ptm/m/n/10 (from [][][]\T1/zi4/m/n/10 CausalShrinkageForest[][][] []\T1/ptm/m/n/10 or [][][]\T1/zi4/m/n/10 CausalHorseForest[][][]
 []


Overfull \hbox (18.52998pt too wide) in paragraph at lines 149--154
[]\T1/ptm/m/n/10 with []\T1/zi4/m/n/10 store_posterior_sample = TRUE[]\T1/ptm/m/n/10 ) or a []\T1/zi4/m/n/10 CausalShrinkageForestPrediction
 []


Overfull \hbox (31.80489pt too wide) in paragraph at lines 161--165
[]\T1/ptm/m/n/10 At each MCMC it-er-a-tion $\OML/cmm/m/it/10 s$ \T1/ptm/m/n/10 the con-di-tional treat-ment ef-fects $\OML/cmm/m/it/10 ^^\[]\OT1/cmr/m/n/10 (\OML/cmm/m/it/10 x[]\OT1/cmr/m/n/10 )$ \T1/ptm/m/n/10 are reweighted with $\OT1/cmr/m/n/10 (\OML/cmm/m/it/10 w[]; [] ; w[]\OT1/cmr/m/n/10 ) \OMS/cmsy/m/n/10 ^^X
 []


Overfull \hbox (33.82092pt too wide) in paragraph at lines 192--195
[][][]\T1/zi4/m/n/10 summary.CausalShrinkageForest[][][][]\T1/ptm/m/n/10 , [][][]\T1/zi4/m/n/10 plot.CausalShrinkageForest[][][][]\T1/ptm/m/n/10 , [][][]\T1/zi4/m/n/10 predict.CausalShrinkageForest[][][] 
 []

[4] [5]
Overfull \hbox (1.67998pt too wide) in paragraph at lines 276--280
\T1/zi4/m/n/10 "interval-censored"[]\T1/ptm/m/n/10 , as val-ues are de-rived from []\T1/zi4/m/n/10 left_time []\T1/ptm/m/n/10 and []\T1/zi4/m/n/10 right_time[]\T1/ptm/m/n/10 . 
 []


Overfull \hbox (27.97824pt too wide) in paragraph at lines 304--309
[]\T1/ptm/m/n/10 Optional nu-meric vec-tor of left (lower) time bound-aries. Re-quired when []\T1/zi4/m/n/10 outcome_type
 []


Overfull \hbox (33.78844pt too wide) in paragraph at lines 310--313
[]\T1/ptm/m/n/10 Optional nu-meric vec-tor of right (up-per) time bound-aries. Re-quired when []\T1/zi4/m/n/10 outcome_type
 []


Overfull \hbox (37.29037pt too wide) in paragraph at lines 314--317
[]\T1/ptm/m/n/10 Type of out-come: one of []\T1/zi4/m/n/10 "continuous"[]\T1/ptm/m/n/10 , []\T1/zi4/m/n/10 "right-censored"[]\T1/ptm/m/n/10 , or []\T1/zi4/m/n/10 "interval-censored"[]\T1/ptm/m/n/10 .
 []

[6]
Overfull \hbox (23.6656pt too wide) in paragraph at lines 353--363
\T1/ptm/m/n/10 fault), []\T1/zi4/m/n/10 "binary"[]\T1/ptm/m/n/10 , []\T1/zi4/m/n/10 "adaptive"[]\T1/ptm/m/n/10 , or []\T1/zi4/m/n/10 "invariant"[]\T1/ptm/m/n/10 . []\T1/zi4/m/n/10 "centered" []\T1/ptm/m/n/10 uses $\OML/cmm/m/it/10 b[] \OMS/cmsy/m/n/10 2 f^^@\OT1/cmr/m/n/10 1\OML/cmm/m/it/10 =\OT1/cmr/m/n/10 2\OML/cmm/m/it/10 ; \OT1/cmr/m/n/10 1\OML/cmm/m/it/10 =\OT1/cmr/m/n/10 2\OMS/cmsy/m/n/10 g$\T1/ptm/m/n/10 ;
 []


Overfull \hbox (6.59346pt too wide) in paragraph at lines 353--363
\T1/ptm/m/n/10 within the Gibbs sam-pler with $\OML/cmm/m/it/10 b[] \OMS/cmsy/m/n/10 ^^X \OML/cmm/m/it/10 N\OT1/cmr/m/n/10 (0\OML/cmm/m/it/10 ; \OT1/cmr/m/n/10 1\OML/cmm/m/it/10 =\OT1/cmr/m/n/10 2)$ \T1/ptm/m/n/10 pri-ors, yield-ing a parameterisation-
 []


Overfull \hbox (53.40898pt too wide) in paragraph at lines 372--379
\T1/ptm/m/n/10 chain be-haviour). When []\T1/zi4/m/n/10 n_chains > 1 []\T1/ptm/m/n/10 the chains are run in par-al-lel via []\T1/zi4/m/n/10 parallel::mclapply
 []


Overfull \hbox (6.62808pt too wide) in paragraph at lines 386--395
\T1/ptm/m/n/10 interval-censored sur-vival out-comes. For interval-censored data, pro-vide []\T1/zi4/m/n/10 left_time []\T1/ptm/m/n/10 and []\T1/zi4/m/n/10 right_time
 []


Overfull \hbox (17.46817pt too wide) in paragraph at lines 386--395
[]\T1/ptm/m/n/10 in-stead of []\T1/zi4/m/n/10 y []\T1/ptm/m/n/10 and []\T1/zi4/m/n/10 status[]\T1/ptm/m/n/10 ; the event in-di-ca-tors are de-rived in-ter-nally fol-low-ing the []\T1/zi4/m/n/10 survival::Surv(type
 []

[7]
Overfull \hbox (76.24681pt too wide) in paragraph at lines 416--418
[]\T1/ptm/m/n/10 Matrix of pos-te-rior sam-ples for con-trol pre-dic-tions (if []\T1/zi4/m/n/10 store_posterior_sample
 []


Overfull \hbox (70.12683pt too wide) in paragraph at lines 418--420
[]\T1/ptm/m/n/10 Matrix of pos-te-rior sam-ples for con-trol pre-dic-tions (if []\T1/zi4/m/n/10 store_posterior_sample
 []


Overfull \hbox (57.63672pt too wide) in paragraph at lines 420--422
[]\T1/ptm/m/n/10 Matrix of pos-te-rior sam-ples for treat-ment ef-fects (if []\T1/zi4/m/n/10 store_posterior_sample
 []


Overfull \hbox (51.51674pt too wide) in paragraph at lines 422--424
[]\T1/ptm/m/n/10 Matrix of pos-te-rior sam-ples for treat-ment ef-fects (if []\T1/zi4/m/n/10 store_posterior_sample
 []


Overfull \hbox (93.25038pt too wide) in paragraph at lines 436--440
[]\T1/ptm/m/n/10 S3 meth-ods: [][][]\T1/zi4/m/n/10 print.CausalShrinkageForest[][][][]\T1/ptm/m/n/10 , [][][]\T1/zi4/m/n/10 summary.CausalShrinkageForest[][][][]\T1/ptm/m/n/10 , [][][]\T1/zi4/m/n/10 predict.CausalShrinkageForest[][][][]\T1/ptm/m/n/10 ,
 []

[8]
Underfull \vbox (badness 10000) has occurred while \output is active []

 [9]
Overfull \hbox (21.75941pt too wide) in paragraph at lines 526--526
 []  \T1/zi4/m/n/9 cindex_result <- survival::concordance(survival::Surv(time_obs, status) ~ predicted_survtime)[] 
 []

LaTeX Font Info:    Font shape `TS1/zi4/m/n' will be
(Font)              scaled to size 9.0pt on input line 530.

Overfull \hbox (8.24101pt too wide) in paragraph at lines 539--539
 []\T1/zi4/m/n/9 cat("95% credible interval: [", round(ci_95[1], 3), ", ", round(ci_95[2], 3), "]\n", sep = "")[] 
 []


Underfull \vbox (badness 10000) has occurred while \output is active []

 [10] [11] [12]
Overfull \hbox (27.97824pt too wide) in paragraph at lines 696--701
[]\T1/ptm/m/n/10 Optional nu-meric vec-tor of left (lower) time bound-aries. Re-quired when []\T1/zi4/m/n/10 outcome_type
 []


Overfull \hbox (33.78844pt too wide) in paragraph at lines 702--705
[]\T1/ptm/m/n/10 Optional nu-meric vec-tor of right (up-per) time bound-aries. Re-quired when []\T1/zi4/m/n/10 outcome_type
 []


Overfull \hbox (37.29037pt too wide) in paragraph at lines 706--709
[]\T1/ptm/m/n/10 Type of out-come: one of []\T1/zi4/m/n/10 "continuous"[]\T1/ptm/m/n/10 , []\T1/zi4/m/n/10 "right-censored"[]\T1/ptm/m/n/10 , or []\T1/zi4/m/n/10 "interval-censored"[]\T1/ptm/m/n/10 .
 []


Overfull \hbox (15.17938pt too wide) in paragraph at lines 719--722
[]\T1/ptm/m/n/10 Type of prior on con-trol for-est step heights. One of []\T1/zi4/m/n/10 "horseshoe"[]\T1/ptm/m/n/10 , []\T1/zi4/m/n/10 "horseshoe_fw"[]\T1/ptm/m/n/10 ,
 []


Overfull \hbox (22.0084pt too wide) in paragraph at lines 723--725
[]\T1/ptm/m/n/10 Type of prior on treat-ment for-est step heights. Same op-tions as []\T1/zi4/m/n/10 prior_type_control[]\T1/ptm/m/n/10 . 
 []

[13]
Overfull \hbox (23.6656pt too wide) in paragraph at lines 787--797
\T1/ptm/m/n/10 fault), []\T1/zi4/m/n/10 "binary"[]\T1/ptm/m/n/10 , []\T1/zi4/m/n/10 "adaptive"[]\T1/ptm/m/n/10 , or []\T1/zi4/m/n/10 "invariant"[]\T1/ptm/m/n/10 . []\T1/zi4/m/n/10 "centered" []\T1/ptm/m/n/10 uses $\OML/cmm/m/it/10 b[] \OMS/cmsy/m/n/10 2 f^^@\OT1/cmr/m/n/10 1\OML/cmm/m/it/10 =\OT1/cmr/m/n/10 2\OML/cmm/m/it/10 ; \OT1/cmr/m/n/10 1\OML/cmm/m/it/10 =\OT1/cmr/m/n/10 2\OMS/cmsy/m/n/10 g$\T1/ptm/m/n/10 ;
 []


Overfull \hbox (6.59346pt too wide) in paragraph at lines 787--797
\T1/ptm/m/n/10 within the Gibbs sam-pler with $\OML/cmm/m/it/10 b[] \OMS/cmsy/m/n/10 ^^X \OML/cmm/m/it/10 N\OT1/cmr/m/n/10 (0\OML/cmm/m/it/10 ; \OT1/cmr/m/n/10 1\OML/cmm/m/it/10 =\OT1/cmr/m/n/10 2)$ \T1/ptm/m/n/10 pri-ors, yield-ing a parameterisation-
 []


Overfull \hbox (53.40898pt too wide) in paragraph at lines 806--813
\T1/ptm/m/n/10 chain be-haviour). When []\T1/zi4/m/n/10 n_chains > 1 []\T1/ptm/m/n/10 the chains are run in par-al-lel via []\T1/zi4/m/n/10 parallel::mclapply
 []

[14]
Overfull \hbox (76.24681pt too wide) in paragraph at lines 862--864
[]\T1/ptm/m/n/10 Matrix of pos-te-rior sam-ples for con-trol pre-dic-tions (if []\T1/zi4/m/n/10 store_posterior_sample
 []


Overfull \hbox (70.12683pt too wide) in paragraph at lines 864--866
[]\T1/ptm/m/n/10 Matrix of pos-te-rior sam-ples for con-trol pre-dic-tions (if []\T1/zi4/m/n/10 store_posterior_sample
 []


Overfull \hbox (57.63672pt too wide) in paragraph at lines 866--868
[]\T1/ptm/m/n/10 Matrix of pos-te-rior sam-ples for treat-ment ef-fects (if []\T1/zi4/m/n/10 store_posterior_sample
 []


Overfull \hbox (51.51674pt too wide) in paragraph at lines 868--870
[]\T1/ptm/m/n/10 Matrix of pos-te-rior sam-ples for treat-ment ef-fects (if []\T1/zi4/m/n/10 store_posterior_sample
 []


Overfull \hbox (11.89772pt too wide) in paragraph at lines 876--879
\T1/ptm/m/it/10 Dimensional Causal Sur-vival Anal-y-sis. \T1/ptm/m/n/10 arXiv:2507.22004. https://doi.org/10.48550/arXiv.2507.22004 
 []

[15]
Overfull \hbox (93.25038pt too wide) in paragraph at lines 895--899
[]\T1/ptm/m/n/10 S3 meth-ods: [][][]\T1/zi4/m/n/10 print.CausalShrinkageForest[][][][]\T1/ptm/m/n/10 , [][][]\T1/zi4/m/n/10 summary.CausalShrinkageForest[][][][]\T1/ptm/m/n/10 , [][][]\T1/zi4/m/n/10 predict.CausalShrinkageForest[][][][]\T1/ptm/m/n/10 ,
 []

[16] [17]
Overfull \hbox (15.6199pt too wide) in paragraph at lines 1028--1032
\T1/ptm/m/n/10 ing []\T1/zi4/m/n/10 outcome_type = "interval-censored"[]\T1/ptm/m/n/10 , as val-ues are de-rived from []\T1/zi4/m/n/10 left_time
 []


Overfull \hbox (27.97824pt too wide) in paragraph at lines 1044--1049
[]\T1/ptm/m/n/10 Optional nu-meric vec-tor of left (lower) time bound-aries. Re-quired when []\T1/zi4/m/n/10 outcome_type
 []


Overfull \hbox (33.78844pt too wide) in paragraph at lines 1050--1053
[]\T1/ptm/m/n/10 Optional nu-meric vec-tor of right (up-per) time bound-aries. Re-quired when []\T1/zi4/m/n/10 outcome_type
 []


Overfull \hbox (0.87764pt too wide) in paragraph at lines 1057--1061
\T1/ptm/m/n/10 up times, will be log-transformed in-ter-nally) or []\T1/zi4/m/n/10 "log" []\T1/ptm/m/n/10 (al-ready log-transformed).
 []


Overfull \hbox (7.37056pt too wide) in paragraph at lines 1057--1061
\T1/ptm/m/n/10 Only used when []\T1/zi4/m/n/10 outcome_type = "right-censored" []\T1/ptm/m/n/10 or []\T1/zi4/m/n/10 "interval-censored"[]\T1/ptm/m/n/10 . 
 []

[18]
Overfull \hbox (53.40898pt too wide) in paragraph at lines 1097--1104
\T1/ptm/m/n/10 chain be-haviour). When []\T1/zi4/m/n/10 n_chains > 1 []\T1/ptm/m/n/10 the chains are run in par-al-lel via []\T1/zi4/m/n/10 parallel::mclapply
 []


Overfull \hbox (68.17659pt too wide) in paragraph at lines 1137--1139
[]\T1/ptm/m/n/10 Matrix of pos-te-rior sam-ples of test pre-dic-tions. Present only if []\T1/zi4/m/n/10 store_posterior_sample
 []


Overfull \hbox (14.90715pt too wide) in paragraph at lines 1139--1141
[]\T1/ptm/m/n/10 Vector of pos-te-rior mean prob-a-bil-i-ties on the train-ing data (only for []\T1/zi4/m/n/10 outcome_type
 []

[19]
Overfull \hbox (27.23662pt too wide) in paragraph at lines 1143--1146
[]\T1/ptm/m/n/10 Matrix of pos-te-rior sam-ples of train-ing prob-a-bil-i-ties (only for []\T1/zi4/m/n/10 outcome_type
 []


Overfull \hbox (3.89668pt too wide) in paragraph at lines 1146--1149
[]\T1/ptm/m/n/10 Matrix of pos-te-rior sam-ples of test prob-a-bil-i-ties (only for []\T1/zi4/m/n/10 outcome_type
 []

[20] [21]
Overfull \hbox (12.76692pt too wide) in paragraph at lines 1272--1277
\T1/ptm/m/n/10 vival times, suit-able for pass-ing to the pack-age's interval-censored sur-vival in-ter-face ([]\T1/zi4/m/n/10 right_time
 []

[22] [23] [24]
Overfull \hbox (34.8886pt too wide) in paragraph at lines 1483--1486
\T1/ptm/m/n/10 train-ing ob-ser-va-tion, sorted by pos-te-rior mean. Re-quires []\T1/zi4/m/n/10 store_posterior_sample
 []

[25] [26]
Overfull \hbox (41.11925pt too wide) in paragraph at lines 1582--1596
\T1/ptm/m/n/10 avail-able for sur-vival out-come types ([]\T1/zi4/m/n/10 "right-censored" []\T1/ptm/m/n/10 or []\T1/zi4/m/n/10 "interval-censored"[]\T1/ptm/m/n/10 ).
 []


Overfull \hbox (40.63568pt too wide) in paragraph at lines 1582--1596
\T1/ptm/b/n/10 Population-averaged curve \T1/ptm/m/n/10 (de-fault, []\T1/zi4/m/n/10 obs = NULL[]\T1/ptm/m/n/10 ): com-putes $[]\OT1/cmr/m/n/10 (\OML/cmm/m/it/10 t\OT1/cmr/m/n/10 ) = \OML/cmm/m/it/10 n[] [][] S\OT1/cmr/m/n/10 (\OML/cmm/m/it/10 t\OMS/cmsy/m/n/10 j\OML/cmm/m/it/10 x[]\OT1/cmr/m/n/10 )$
 []

[27] [28] [29]
Overfull \hbox (188.34094pt too wide) in paragraph at lines 1835--1838
[][][]\T1/zi4/m/n/10 CausalHorseForest[][][][]\T1/ptm/m/n/10 , [][][]\T1/zi4/m/n/10 CausalShrinkageForest[][][][]\T1/ptm/m/n/10 , [][][]\T1/zi4/m/n/10 print.CausalShrinkageForestPrediction[][][][]\T1/ptm/m/n/10 , [][][]\T1/zi4/m/n/10 summary.CausalShrinkageForestPrediction[][][] 
 []

[30]
Overfull \hbox (50.84094pt too wide) in paragraph at lines 1888--1892
[][][]\T1/zi4/m/n/10 HorseTrees[][][][]\T1/ptm/m/n/10 , [][][]\T1/zi4/m/n/10 ShrinkageTrees[][][][]\T1/ptm/m/n/10 , [][][]\T1/zi4/m/n/10 print.ShrinkageTreesPrediction[][][][]\T1/ptm/m/n/10 , [][][]\T1/zi4/m/n/10 summary.ShrinkageTreesPrediction[][][][]\T1/ptm/m/n/10 ,
 []

[31] [32] [33] [34] [35] [36]
Overfull \hbox (0.93999pt too wide) in paragraph at lines 2201--2205
[]\T1/zi4/m/n/10 outcome_type = "interval-censored"[]\T1/ptm/m/n/10 , as val-ues are de-rived from []\T1/zi4/m/n/10 left_time
 []


Overfull \hbox (27.97824pt too wide) in paragraph at lines 2217--2222
[]\T1/ptm/m/n/10 Optional nu-meric vec-tor of left (lower) time bound-aries. Re-quired when []\T1/zi4/m/n/10 outcome_type
 []


Overfull \hbox (33.78844pt too wide) in paragraph at lines 2223--2226
[]\T1/ptm/m/n/10 Optional nu-meric vec-tor of right (up-per) time bound-aries. Re-quired when []\T1/zi4/m/n/10 outcome_type
 []

[37]
Overfull \hbox (0.87764pt too wide) in paragraph at lines 2230--2235
\T1/ptm/m/n/10 up times, will be log-transformed in-ter-nally) or []\T1/zi4/m/n/10 "log" []\T1/ptm/m/n/10 (al-ready log-transformed).
 []


Overfull \hbox (10.51932pt too wide) in paragraph at lines 2238--2241
[]\T1/ptm/m/n/10 Type of prior on the step heights. Op-tions in-clude []\T1/zi4/m/n/10 "horseshoe"[]\T1/ptm/m/n/10 , []\T1/zi4/m/n/10 "horseshoe_fw"[]\T1/ptm/m/n/10 ,
 []


Overfull \hbox (2.27792pt too wide) in paragraph at lines 2242--2245
\T1/ptm/m/n/10 typ-i-cally be set smaller than 1 / sqrt(number_of_trees). Re-quired for []\T1/zi4/m/n/10 prior_type
 []


Overfull \hbox (10.55965pt too wide) in paragraph at lines 2246--2249
\T1/ptm/m/n/10 Horseshoe-type pri-ors; ig-nored for []\T1/zi4/m/n/10 prior_type = "half-cauchy" []\T1/ptm/m/n/10 or []\T1/zi4/m/n/10 "standard"[]\T1/ptm/m/n/10 . 
 []


Overfull \hbox (53.40898pt too wide) in paragraph at lines 2286--2293
\T1/ptm/m/n/10 chain be-haviour). When []\T1/zi4/m/n/10 n_chains > 1 []\T1/ptm/m/n/10 the chains are run in par-al-lel via []\T1/zi4/m/n/10 parallel::mclapply
 []

[38]
Overfull \hbox (68.17659pt too wide) in paragraph at lines 2346--2348
[]\T1/ptm/m/n/10 Matrix of pos-te-rior sam-ples of test pre-dic-tions. Present only if []\T1/zi4/m/n/10 store_posterior_sample
 []


Overfull \hbox (14.90715pt too wide) in paragraph at lines 2348--2350
[]\T1/ptm/m/n/10 Vector of pos-te-rior mean prob-a-bil-i-ties on the train-ing data (only for []\T1/zi4/m/n/10 outcome_type
 []


Overfull \hbox (27.23662pt too wide) in paragraph at lines 2352--2355
[]\T1/ptm/m/n/10 Matrix of pos-te-rior sam-ples of train-ing prob-a-bil-i-ties (only for []\T1/zi4/m/n/10 outcome_type
 []


Overfull \hbox (3.89668pt too wide) in paragraph at lines 2355--2358
[]\T1/ptm/m/n/10 Matrix of pos-te-rior sam-ples of test prob-a-bil-i-ties (only for []\T1/zi4/m/n/10 outcome_type
 []


Overfull \hbox (11.89772pt too wide) in paragraph at lines 2364--2369
\T1/ptm/m/it/10 Dimensional Causal Sur-vival Anal-y-sis. \T1/ptm/m/n/10 arXiv:2507.22004. https://doi.org/10.48550/arXiv.2507.22004
 []

[39]
Overfull \hbox (55.95866pt too wide) in paragraph at lines 2376--2379
[]\T1/ptm/m/n/10 Model fam-ily: [][][]\T1/zi4/m/n/10 HorseTrees[][][] []\T1/ptm/m/n/10 (horse-shoe prior), [][][]\T1/zi4/m/n/10 CausalHorseForest[][][] []\T1/ptm/m/n/10 (causal in-fer-ence), [][][]\T1/zi4/m/n/10 CausalShrinkageForest[][][]
 []

[40] [41]
Overfull \hbox (15.61876pt too wide) in paragraph at lines 2500--2505
\T1/ptm/m/n/10 tion-ally []\T1/zi4/m/n/10 ate_lower[]\T1/ptm/m/n/10 , []\T1/zi4/m/n/10 ate_upper []\T1/ptm/m/n/10 (95 per-cent cred-i-ble in-ter-val; re-quires []\T1/zi4/m/n/10 store_posterior_sample
 []

[42]
Overfull \hbox (34.83992pt too wide) in paragraph at lines 2581--2583
[]\T1/ptm/m/n/10 Outcome type ([]\T1/zi4/m/n/10 "continuous"[]\T1/ptm/m/n/10 , []\T1/zi4/m/n/10 "binary"[]\T1/ptm/m/n/10 , []\T1/zi4/m/n/10 "right-censored"[]\T1/ptm/m/n/10 , or []\T1/zi4/m/n/10 "interval-censored"[]\T1/ptm/m/n/10 ). 
 []


Overfull \hbox (13.34094pt too wide) in paragraph at lines 2604--2607
[][][]\T1/zi4/m/n/10 print.summary.ShrinkageTrees[][][][]\T1/ptm/m/n/10 , [][][]\T1/zi4/m/n/10 as.mcmc.list.ShrinkageTrees[][][][]\T1/ptm/m/n/10 , [][][]\T1/zi4/m/n/10 HorseTrees[][][][]\T1/ptm/m/n/10 , [][][]\T1/zi4/m/n/10 ShrinkageTrees[][][] 
 []

[43] [44]
Overfull \hbox (14.86888pt too wide) in paragraph at lines 2701--2709
\T1/ptm/m/n/10 tions have []\T1/zi4/m/n/10 right_time = Inf[]\T1/ptm/m/n/10 ; interval-censored ob-ser-va-tions have fi-nite []\T1/zi4/m/n/10 left_time
 []


Overfull \hbox (6.2183pt too wide) in paragraph at lines 2722--2726
[]\T1/ptm/m/n/10 and []\T1/zi4/m/n/10 right_time []\T1/ptm/m/n/10 in-stead; event in-di-ca-tors are de-rived in-ter-nally fol-low-ing the []\T1/zi4/m/n/10 survival::Surv(type
 []

[45]
Overfull \hbox (7.74757pt too wide) in paragraph at lines 2749--2752
[]\T1/ptm/m/n/10 Related mod-els: [][][]\T1/zi4/m/n/10 SurvivalDART[][][] []\T1/ptm/m/n/10 (Dirich-let spar-sity), [][][]\T1/zi4/m/n/10 HorseTrees[][][] []\T1/ptm/m/n/10 (horse-shoe prior), [][][]\T1/zi4/m/n/10 ShrinkageTrees[][][]
 []

[46] [47]
Overfull \hbox (14.86888pt too wide) in paragraph at lines 2895--2903
\T1/ptm/m/n/10 tions have []\T1/zi4/m/n/10 right_time = Inf[]\T1/ptm/m/n/10 ; interval-censored ob-ser-va-tions have fi-nite []\T1/zi4/m/n/10 left_time
 []


Overfull \hbox (6.2183pt too wide) in paragraph at lines 2921--2925
[]\T1/ptm/m/n/10 and []\T1/zi4/m/n/10 right_time []\T1/ptm/m/n/10 in-stead; event in-di-ca-tors are de-rived in-ter-nally fol-low-ing the []\T1/zi4/m/n/10 survival::Surv(type
 []

[48]
Overfull \hbox (93.25038pt too wide) in paragraph at lines 2950--2954
[]\T1/ptm/m/n/10 S3 meth-ods: [][][]\T1/zi4/m/n/10 print.CausalShrinkageForest[][][][]\T1/ptm/m/n/10 , [][][]\T1/zi4/m/n/10 summary.CausalShrinkageForest[][][][]\T1/ptm/m/n/10 , [][][]\T1/zi4/m/n/10 predict.CausalShrinkageForest[][][][]\T1/ptm/m/n/10 ,
 []

[49] [50]
Overfull \hbox (14.86888pt too wide) in paragraph at lines 3078--3086
\T1/ptm/m/n/10 tions have []\T1/zi4/m/n/10 right_time = Inf[]\T1/ptm/m/n/10 ; interval-censored ob-ser-va-tions have fi-nite []\T1/zi4/m/n/10 left_time
 []


Overfull \hbox (6.2183pt too wide) in paragraph at lines 3099--3103
[]\T1/ptm/m/n/10 and []\T1/zi4/m/n/10 right_time []\T1/ptm/m/n/10 in-stead; event in-di-ca-tors are de-rived in-ter-nally fol-low-ing the []\T1/zi4/m/n/10 survival::Surv(type
 []

[51]
Overfull \hbox (4.87653pt too wide) in paragraph at lines 3182--3186
\T1/ptm/m/n/10 model, com-bin-ing Dirich-let split-ting pri-ors with global-local shrink-age. Sup-ports both right-censored
 []

[52] [53]
Overfull \hbox (14.86888pt too wide) in paragraph at lines 3274--3282
\T1/ptm/m/n/10 tions have []\T1/zi4/m/n/10 right_time = Inf[]\T1/ptm/m/n/10 ; interval-censored ob-ser-va-tions have fi-nite []\T1/zi4/m/n/10 left_time
 []

[54]
Overfull \hbox (93.25038pt too wide) in paragraph at lines 3342--3346
[]\T1/ptm/m/n/10 S3 meth-ods: [][][]\T1/zi4/m/n/10 print.CausalShrinkageForest[][][][]\T1/ptm/m/n/10 , [][][]\T1/zi4/m/n/10 summary.CausalShrinkageForest[][][][]\T1/ptm/m/n/10 , [][][]\T1/zi4/m/n/10 predict.CausalShrinkageForest[][][][]\T1/ptm/m/n/10 ,
 []

[55]
No file Rd2.ind.
[56] (/private/var/folders/l0/w4ml3bkn5m74hqz7y1_k0gz40000gp/T/RtmpRIpVvn/Rd2pdf12f917ac2ed3/Rd2.aux)
 ***********
LaTeX2e <2025-11-01>
L3 programming layer <2026-04-28>
 ***********
Package rerunfilecheck Info: File `Rd2.out' has not changed.
(rerunfilecheck)             Checksum: 1CC6CECE1E54C6E397B2ABD2D65C5480;5603.
 ) 
Here is how much of TeX's memory you used:
 10675 strings out of 469331
 164350 string characters out of 5465056
 584497 words of memory out of 5000000
 39042 multiletter control sequences out of 15000+600000
 664930 words of font info for 84 fonts, out of 8000000 for 9000
 14 hyphenation exceptions out of 8191
 92i,7n,95p,400b,782s stack positions out of 10000i,1000n,20000p,200000b,200000s

pdfTeX warning (dest): name{Rfn.mcmc} has been referenced but does not exist, replaced by a fixed one


pdfTeX warning (dest): name{Rfn.mcmc.list} has been referenced but does not exist, replaced by a fixed one

</Users/tijnjacobs/Library/TinyTeX/texmf-dist/fonts/type1/public/inconsolata/Inconsolata-zi4r.pfb></Users/tijnjacobs/Library/TinyTeX/texmf-dist/fonts/type1/public/amsfonts/cm/cmex10.pfb></Users/tijnjacobs/Library/TinyTeX/texmf-dist/fonts/type1/public/amsfonts/cm/cmmi10.pfb></Users/tijnjacobs/Library/TinyTeX/texmf-dist/fonts/type1/public/amsfonts/cm/cmmi7.pfb></Users/tijnjacobs/Library/TinyTeX/texmf-dist/fonts/type1/public/amsfonts/cm/cmr10.pfb></Users/tijnjacobs/Library/TinyTeX/texmf-dist/fonts/type1/public/amsfonts/cm/cmr7.pfb></Users/tijnjacobs/Library/TinyTeX/texmf-dist/fonts/type1/public/amsfonts/cm/cmsy10.pfb></Users/tijnjacobs/Library/TinyTeX/texmf-dist/fonts/type1/public/amsfonts/cm/cmsy7.pfb></Users/tijnjacobs/Library/TinyTeX/texmf-dist/fonts/type1/public/amsfonts/symbols/msbm10.pfb></Users/tijnjacobs/Library/TinyTeX/texmf-dist/fonts/type1/urw/times/utmb8a.pfb></Users/tijnjacobs/Library/TinyTeX/texmf-dist/fonts/type1/urw/times/utmr8a.pfb></Users/tijnjacobs/Library/TinyTeX/texmf-dist/fonts/type1/urw/times/utmr8a.pfb></Users/tijnjacobs/Library/TinyTeX/texmf-dist/fonts/type1/urw/times/utmri8a.pfb>
Output written on Rd2.pdf (56 pages, 275596 bytes).
PDF statistics:
 899 PDF objects out of 1000 (max. 8388607)
 805 compressed objects within 9 object streams
 306 named destinations out of 1000 (max. 500000)
 249 words of extra memory for PDF output out of 10000 (max. 10000000)

