This is METAFONT, Version 2.71828182 (preloaded base=mf 2026.4.30)  25 MAY 2026 09:58
**\mode:=ljfour; mag:=0+525/600; nonstopmode; input ecso0800
(/usr/share/texlive/texmf-dist/fonts/source/jknappen/ec/ecso0800.mf
(/usr/share/texlive/texmf-dist/fonts/source/jknappen/ec/exbase.mf)
(/usr/share/texlive/texmf-dist/fonts/source/jknappen/ec/ecso.mf
(/usr/share/texlive/texmf-dist/fonts/source/jknappen/ec/exroman.mf
 Ok (/usr/share/texlive/texmf-dist/fonts/source/jknappen/ec/exaccess.mf
 Ok) (/usr/share/texlive/texmf-dist/fonts/source/jknappen/ec/expseudo.mf
 Ok) (/usr/share/texlive/texmf-dist/fonts/source/jknappen/ec/exruwest.mf
 Ok [192] [193] [194] [195] [196] [197] [198] [199] [200] [201] [202] [203]
[204] [205] [206] [207] [208] [209] [210] [211] [212] [213] [214] [215]
[216] [217] [218] [219] [220] [221] [222] [223])
(/usr/share/texlive/texmf-dist/fonts/source/jknappen/ec/exrlwest.mf
 Ok [224] [225] [226] [227] [228] [229] [230] [231] [232] [233] [234] [235]
[236] [237] [238] [239] [240] [241] [242] [243] [244] [245] [246] [247]
[248] [249] [250] [251] [252] [253] [254] [255])
(/usr/share/texlive/texmf-dist/fonts/source/jknappen/ec/exrueast.mf
 Ok [128] [129] [130] [131] [132] [133] [134] [135] [136] [137] [138] [139]
[140] [141] [142] [143] [144] [145] [146] [147] [148] [149] [150] [151]
[152] [153] [154] [155] [156] [157])
(/usr/share/texlive/texmf-dist/fonts/source/jknappen/ec/exrleast.mf
 Ok [158] [160] [161] [162]
>> x50
! Undefined x coordinate has been replaced by 0.
<to be read again> 
                   {
--->{
     curl1}..{curl1}
lc_hachek_accent->...ldraw.z54l--z51l--z51r--z50--
                                                  z53l--z53r--z54r--cycle;fi...
l.257 ...serifs: 0.5[0.5[x3l,x3],x0r] else: x2 fi)
                                                  ;
I need a `known' x value for this part of the path.
The value I found (see above) was no good;
so I'll try to keep going by using zero instead.
(Chapter 27 of The METAFONTbook explains that
you might want to type `I ???' now.)

[163] [164]
>> x50
! Undefined x coordinate has been replaced by 0.
<to be read again> 
                   {
--->{
     curl1}..{curl1}
lc_hachek_accent->...ldraw.z54l--z51l--z51r--z50--
                                                  z53l--z53r--z54r--cycle;fi...
l.323 lc_hachek_accent(x2)
                          ;
I need a `known' x value for this part of the path.
The value I found (see above) was no good;
so I'll try to keep going by using zero instead.
(Chapter 27 of The METAFONTbook explains that
you might want to type `I ???' now.)

[165] [166] [167] [168] [169] [170] [171]
>> x50
! Undefined x coordinate has been replaced by 0.
<to be read again> 
                   {
--->{
     curl1}..{curl1}
lc_hachek_accent->...ldraw.z54l--z51l--z51r--z50--
                                                  z53l--z53r--z54r--cycle;fi...
l.566 lc_hachek_accent(1/2[x1r,x.a1])
                                     ;
I need a `known' x value for this part of the path.
The value I found (see above) was no good;
so I'll try to keep going by using zero instead.
(Chapter 27 of The METAFONTbook explains that
you might want to type `I ???' now.)

[172] [173] [174] [175]
>> x50
! Undefined x coordinate has been replaced by 0.
<to be read again> 
                   {
--->{
     curl1}..{curl1}
lc_hachek_accent->...ldraw.z54l--z51l--z51r--z50--
                                                  z53l--z53r--z54r--cycle;fi...
l.679 lc_hachek_accent(0.5[x1,x4])
                                  ;
I need a `known' x value for this part of the path.
The value I found (see above) was no good;
so I'll try to keep going by using zero instead.
(Chapter 27 of The METAFONTbook explains that
you might want to type `I ???' now.)

[176] [177]
>> x50
! Undefined x coordinate has been replaced by 0.
<to be read again> 
                   {
--->{
     curl1}..{curl1}
lc_hachek_accent->...ldraw.z54l--z51l--z51r--z50--
                                                  z53l--z53r--z54r--cycle;fi...
l.764 lc_hachek_accent(0.5[x3l,x1l])
                                    ;
I need a `known' x value for this part of the path.
The value I found (see above) was no good;
so I'll try to keep going by using zero instead.
(Chapter 27 of The METAFONTbook explains that
you might want to type `I ???' now.)

[178] [179] [180] [181] [182] [183] [184] [185]
>> x50
! Undefined x coordinate has been replaced by 0.
<to be read again> 
                   {
--->{
     curl1}..{curl1}
lc_hachek_accent->...ldraw.z54l--z51l--z51r--z50--
                                                  z53l--z53r--z54r--cycle;fi...
l.1053 lc_hachek_accent(1/2[x6r,x1r])
                                     ;
I need a `known' x value for this part of the path.
The value I found (see above) was no good;
so I'll try to keep going by using zero instead.
(Chapter 27 of The METAFONTbook explains that
you might want to type `I ???' now.)

[186] [187] [188])
(/usr/share/texlive/texmf-dist/fonts/source/jknappen/ec/exbraces.mf
 Ok [94] [126] [23] [40] [41] [60] [124] [62] [91] [93] [92] [123] [125]
[95] [127] [32])
(/usr/share/texlive/texmf-dist/fonts/source/jknappen/ec/expunct.mf
 Ok [14] [15] [19] [20] [13] [18] [33] [39] [42] [43] [44] [46] [47] [58]
[59] [61] [96] [189] [17] [45] [16] [21] [22])
(/usr/share/texlive/texmf-dist/fonts/source/jknappen/ec/exaccent.mf
 Ok [0] [1] [2] [3] [4] [5] [6]
>> x50
! Undefined x coordinate has been replaced by 0.
<to be read again> 
                   {
--->{
     curl1}..{curl1}
lc_hachek_accent->...ldraw.z54l--z51l--z51r--z50--
                                                  z53l--z53r--z54r--cycle;fi...
l.70 lc_hachek_accent(.5w)
                          ;
I need a `known' x value for this part of the path.
The value I found (see above) was no good;
so I'll try to keep going by using zero instead.
(Chapter 27 of The METAFONTbook explains that
you might want to type `I ???' now.)

[7] [8] [9] [10] [11] [12])
(/usr/share/texlive/texmf-dist/fonts/source/jknappen/ec/exsign.mf
 Ok [24] [34] [35] [36] [37] [64] [191] [159])
(/usr/share/texlive/texmf-dist/fonts/source/jknappen/ec/exrlig.mf
 Ok [25] [26] [28] [27] [29] [30] [31])
(/usr/share/texlive/texmf-dist/fonts/source/jknappen/ec/exromp.mf
 Ok [38] [63] [190])
(/usr/share/texlive/texmf-dist/fonts/source/jknappen/ec/exrulett.mf
 Ok [65] [66] [67] [68] [69] [70] [71] [72] [73] [74] [75] [76] [77] [78]
[79] [80] [81] [82] [83] [84] [85] [86] [87] [88] [89] [90])
(/usr/share/texlive/texmf-dist/fonts/source/jknappen/ec/exrllett.mf
 Ok [97] [98] [99] [100] [101] [102] [103] [104] [105] [106] [107] [108]
[109] [110] [111] [112] [113] [114] [115] [116] [117] [118] [119] [120]
[121] [122])
(/usr/share/texlive/texmf-dist/fonts/source/jknappen/ec/exrdigit.mf
 Ok [48] [49] [50] [51] [52] [53] [54] [55] [56] [57])
(/usr/share/texlive/texmf-dist/fonts/source/jknappen/ec/exrligtb.mf
 Ok) ) ) ) 
Here is how much of METAFONT's memory you used:
 748 strings out of 5263
 8619 string characters out of 69789
 40825 words of memory out of 5000000
 1544 symbolic tokens out of 9500
 12i,79n,0r,23p,243b stack positions out of 300i,300n,1000r,150p,200000b
 
(You used 72w,16h,13d,64i,370l,9k,0e,16p metric file positions
  out of 256w,16h,16d,64i,15000l,2500k,256e,60p)

Font metrics written on ecso0800.tfm.
Output written on ecso0800.525gf (256 characters, 33960 bytes).
